 AddinDemo

 Timestamp is 56c16a05 (Mon Feb 15 14:02:45 2016)

 Preferred load address is 10000000

 Start         Length     Name                   Class
 0001:00000000 0000656fH .text                   CODE
 0001:00006570 00000973H .text$x                 CODE
 0001:00006ef0 0000002cH .text$yc                CODE
 0001:00006f20 00000014H .text$yd                CODE
 0002:00000000 000003c4H .idata$5                DATA
 0002:000003c4 00000004H .CRT$XCA                DATA
 0002:000003c8 00000004H .CRT$XCL                DATA
 0002:000003cc 00000004H .CRT$XCU                DATA
 0002:000003d0 00000004H .CRT$XCZ                DATA
 0002:000003d4 00000004H .CRT$XIA                DATA
 0002:000003d8 00000004H .CRT$XIAA               DATA
 0002:000003dc 00000004H .CRT$XIZ                DATA
 0002:000003e0 00000d48H .rdata                  DATA
 0002:00001128 0000004eH .rdata$debug            DATA
 0002:00001178 000003b4H .rdata$r                DATA
 0002:00001530 000000a8H .rdata$sxdata           DATA
 0002:000015d8 00000004H .rtc$IAA                DATA
 0002:000015dc 00000004H .rtc$IZZ                DATA
 0002:000015e0 00000004H .rtc$TAA                DATA
 0002:000015e4 00000004H .rtc$TZZ                DATA
 0002:000015e8 00000aa4H .xdata$x                DATA
 0002:0000208c 00000004H ATL$__a                 DATA
 0002:00002090 00000004H ATL$__z                 DATA
 0002:00002094 00000078H .idata$2                DATA
 0002:0000210c 00000014H .idata$3                DATA
 0002:00002120 000003c4H .idata$4                DATA
 0002:000024e4 000003d4H .idata$6                DATA
 0002:000028c0 000000b5H .edata                  DATA
 0003:00000000 000001d8H .data                   DATA
 0003:000001d8 00000504H .bss                    DATA
 0004:00000000 000000e8H .rsrc$01                DATA
 0004:000000f0 00000d78H .rsrc$02                DATA

  Address         Publics by Value              Rva+Base       Lib:Object

 0000:00000000       __except_list              00000000     <absolute>
 0000:0000002a       ___safe_se_handler_count   0000002a     <absolute>
 0000:00009876       __ldused                   00009876     <absolute>
 0000:00009876       __fltused                  00009876     <absolute>
 0000:00000000       ___ImageBase               10000000     <linker-defined>
 0001:00000000       ??0Thank_you@Define_the_symbol__ATL_MIXED@@QAE@XZ 10001000 f i AddinDemo.obj
 0001:00000010       ?one@Thank_you@Define_the_symbol__ATL_MIXED@@UAEXXZ 10001010 f i AddinDemo.obj
 0001:00000020       ??0CRect@@QAE@XZ           10001020 f i AddinDemo.obj
 0001:00000030       ?Width@CRect@@QBEHXZ       10001030 f i AddinDemo.obj
 0001:00000040       ?Height@CRect@@QBEHXZ      10001040 f i AddinDemo.obj
 0001:00000050       ??BCRect@@QAEPAUtagRECT@@XZ 10001050 f i AddinDemo.obj
 0001:00000060       ?_AfxInitManaged@@YAHXZ    10001060 f i AddinDemo.obj
 0001:00000070       ??3CObject@@SGXPAX@Z       10001070 f i AddinDemo.obj
 0001:00000080       ??2CObject@@SGPAXI@Z       10001080 f i AddinDemo.obj
 0001:00000090       ??1AFX_MAINTAIN_STATE2@@QAE@XZ 10001090 f i AddinDemo.obj
 0001:000000b0       ?GetWindowRect@CWnd@@QBEXPAUtagRECT@@@Z 100010b0 f i AddinDemo.obj
 0001:000000d0       ?Invalidate@CWnd@@QAEXH@Z  100010d0 f i AddinDemo.obj
 0001:000000f0       ?GetThisMessageMap@CAddinDemoApp@@KGPBUAFX_MSGMAP@@XZ 100010f0 f   AddinDemo.obj
 0001:00000100       ??0CAddinDemoApp@@QAE@XZ   10001100 f   AddinDemo.obj
 0001:00000120       ?Serialize@CObject@@UAEXAAVCArchive@@@Z 10001120 f i AddinDemo.obj
 0001:00000130       ?AssertValid@CObject@@UBEXXZ 10001130 f i AddinDemo.obj
 0001:00000140       ?Dump@CObject@@UBEXAAVCDumpContext@@@Z 10001140 f i AddinDemo.obj
 0001:00000150       ??1CAddinDemoApp@@UAE@XZ   10001150 f i AddinDemo.obj
 0001:00000160       ?InitInstance@CAddinDemoApp@@UAEHXZ 10001160 f   AddinDemo.obj
 0001:00000180       ?InitFinishedEx2@@YGXPAUHWND__@@PAUIMainFramework@@@Z 10001180 f   AddinDemo.obj
 0001:00000330       ?ShowAddinWindow@@YGXH@Z   10001330 f   AddinDemo.obj
 0001:00000510       ?GetMainWindow@@YGPAUHWND__@@XZ 10001510 f   AddinDemo.obj
 0001:000005d0       ?AddinUninitialize@@YGXXZ  100015d0 f   AddinDemo.obj
 0001:00000660       ?GetAddinName@@YGXPADH@Z   10001660 f   AddinDemo.obj
 0001:00000690       ?GetMessageMap@CAddinDemoApp@@MBEPBUAFX_MSGMAP@@XZ 10001690 f   AddinDemo.obj
 0001:000006a0       ??_GCAddinDemoApp@@UAEPAXI@Z 100016a0 f i AddinDemo.obj
 0001:000006a0       ??_ECAddinDemoApp@@UAEPAXI@Z 100016a0 f i AddinDemo.obj
 0001:000006c0       ?AtlThrowImpl@ATL@@YGXJ@Z  100016c0 f i MainWindowDlg.obj
 0001:000006e0       ?AtlConvertSystemTimeToVariantTime@ATL@@YAHABU_SYSTEMTIME@@PAN@Z 100016e0 f i MainWindowDlg.obj
 0001:00000790       ??0CTime@ATL@@QAE@_J@Z     10001790 f i MainWindowDlg.obj
 0001:000007b0       ?GetLocalTm@CTime@ATL@@QBEPAUtm@@PAU3@@Z 100017b0 f i MainWindowDlg.obj
 0001:00000800       ?GetAsSystemTime@CTime@ATL@@QBE_NAAU_SYSTEMTIME@@@Z 10001800 f i MainWindowDlg.obj
 0001:00000880       ?SetTimer@CWnd@@QAEIIIP6GXPAUHWND__@@IIK@Z@Z 10001880 f i MainWindowDlg.obj
 0001:000008a0       ?KillTimer@CWnd@@QAEHI@Z   100018a0 f i MainWindowDlg.obj
 0001:000008c0       ?OnMove@CWnd@@IAEXHH@Z     100018c0 f i MainWindowDlg.obj
 0001:000008d0       ?OnTimer@CWnd@@IAEXI@Z     100018d0 f i MainWindowDlg.obj
 0001:000008e0       ?DoDataExchange@CWnd@@MAEXPAVCDataExchange@@@Z 100018e0 f i MainWindowDlg.obj
 0001:000008f0       ??0CEdit@@QAE@XZ           100018f0 f i MainWindowDlg.obj
 0001:00000910       ?BeginModalState@CWnd@@UAEXXZ 10001910 f i MainWindowDlg.obj
 0001:00000920       ?EndModalState@CWnd@@UAEXXZ 10001920 f i MainWindowDlg.obj
 0001:00000930       ??_ECEdit@@UAEPAXI@Z       10001930 f i MainWindowDlg.obj
 0001:00000930       ??_GCEdit@@UAEPAXI@Z       10001930 f i MainWindowDlg.obj
 0001:00000950       ?SetSel@CEdit@@QAEXHHH@Z   10001950 f i MainWindowDlg.obj
 0001:00000990       ?GetStatus@COleDateTime@ATL@@QBE?AW4DateTimeStatus@12@XZ 10001990 f i MainWindowDlg.obj
 0001:000009a0       ?ConvertSystemTimeToVariantTime@COleDateTime@ATL@@IAEHABU_SYSTEMTIME@@@Z 100019a0 f i MainWindowDlg.obj
 0001:000009c0       ?Format@COleDateTime@ATL@@QBE?AV?$CStringT@DV?$StrTraitMFC_DLL@DV?$ChTraitsCRT@D@ATL@@@@@2@PBD@Z 100019c0 f i MainWindowDlg.obj
 0001:00000b90       ??0CMainWindowDlg@@QAE@PAVCWnd@@@Z 10001b90 f   MainWindowDlg.obj
 0001:00000ff0       ?Create@CDialog@@UAEHIPAVCWnd@@@Z 10001ff0 f i MainWindowDlg.obj
 0001:00001000       ??1CMainWindowDlg@@UAE@XZ  10002000 f i MainWindowDlg.obj
 0001:00001090       ?DoDataExchange@CMainWindowDlg@@MAEXPAVCDataExchange@@@Z 10002090 f   MainWindowDlg.obj
 0001:000010a0       ?OnInitDialog@CMainWindowDlg@@MAEHXZ 100020a0 f   MainWindowDlg.obj
 0001:000014c0       ?PostNcDestroy@CMainWindowDlg@@MAEXXZ 100024c0 f   MainWindowDlg.obj
 0001:000014f0       ?OnMove@CMainWindowDlg@@IAEXHH@Z 100024f0 f   MainWindowDlg.obj
 0001:00001550       ?OnPaint@CMainWindowDlg@@IAEXXZ 10002550 f   MainWindowDlg.obj
 0001:00001580       ?OnCancel@CMainWindowDlg@@MAEXXZ 10002580 f   MainWindowDlg.obj
 0001:000017a0       ?WriteCfg@CMainWindowDlg@@IAEXXZ 100027a0 f   MainWindowDlg.obj
 0001:000019c0       ?OnClose@CMainWindowDlg@@IAEXXZ 100029c0 f   MainWindowDlg.obj
 0001:000019f0       ?SetInfomation@CMainWindowDlg@@QAEXPAUREPORT_STRUCT@@HHH@Z 100029f0 f   MainWindowDlg.obj
 0001:00001b20       ?FindQiQuanVal@CMainWindowDlg@@QAEMPAD@Z 10002b20 f   MainWindowDlg.obj
 0001:00001bb0       ?ReportInfoUpdate@CMainWindowDlg@@QAEXPAUREPORT_STRUCT@@@Z 10002bb0 f   MainWindowDlg.obj
 0001:00002340       ??HATL@@YA?AV?$CStringT@DV?$StrTraitMFC_DLL@DV?$ChTraitsCRT@D@ATL@@@@@0@ABV10@PBD@Z 10003340 f i MainWindowDlg.obj
 0001:000023e0       ??9ATL@@YA_NABV?$CStringT@DV?$StrTraitMFC_DLL@DV?$ChTraitsCRT@D@ATL@@@@@0@PBD@Z 100033e0 f i MainWindowDlg.obj
 0001:00002400       ??4COleDateTime@ATL@@QAEAAV01@AB_J@Z 10003400 f i MainWindowDlg.obj
 0001:00002460       ??_GCMainWindowDlg@@UAEPAXI@Z 10003460 f i MainWindowDlg.obj
 0001:00002460       ??_ECMainWindowDlg@@UAEPAXI@Z 10003460 f i MainWindowDlg.obj
 0001:00002480       ?HaveVal@CMainWindowDlg@@QAEHV?$CStringT@DV?$StrTraitMFC_DLL@DV?$ChTraitsCRT@D@ATL@@@@@ATL@@@Z 10003480 f   MainWindowDlg.obj
 0001:00002520       ?ChangeNotify@CMainWindowDlg@@QAEHV?$CStringT@DV?$StrTraitMFC_DLL@DV?$ChTraitsCRT@D@ATL@@@@@ATL@@0G@Z 10003520 f   MainWindowDlg.obj
 0001:00002690       ?ReportUpdate@CMainWindowDlg@@QAEXJ@Z 10003690 f   MainWindowDlg.obj
 0001:000026a0       ?OnEnKillfocusEditSelf1@CMainWindowDlg@@QAEXXZ 100036a0 f   MainWindowDlg.obj
 0001:00002860       ?OnEnKillfocusEditSelf2@CMainWindowDlg@@QAEXXZ 10003860 f   MainWindowDlg.obj
 0001:00002a20       ?OnEnKillfocusEditSelf3@CMainWindowDlg@@QAEXXZ 10003a20 f   MainWindowDlg.obj
 0001:00002be0       ?OnEnKillfocusEditG1Gou@CMainWindowDlg@@QAEXXZ 10003be0 f   MainWindowDlg.obj
 0001:00002da0       ?OnEnKillfocusEditG1Gu@CMainWindowDlg@@QAEXXZ 10003da0 f   MainWindowDlg.obj
 0001:00002f60       ?OnEnKillfocusEditG1Qi@CMainWindowDlg@@QAEXXZ 10003f60 f   MainWindowDlg.obj
 0001:00003120       ?OnEnKillfocusEditG2Gou@CMainWindowDlg@@QAEXXZ 10004120 f   MainWindowDlg.obj
 0001:000032e0       ?OnEnKillfocusEditG2Gu@CMainWindowDlg@@QAEXXZ 100042e0 f   MainWindowDlg.obj
 0001:000034a0       ?OnEnKillfocusEditG2Qi@CMainWindowDlg@@QAEXXZ 100044a0 f   MainWindowDlg.obj
 0001:00003660       ?OnEnKillfocusEditG3Gou@CMainWindowDlg@@QAEXXZ 10004660 f   MainWindowDlg.obj
 0001:00003820       ?OnEnKillfocusEditG3Gu@CMainWindowDlg@@QAEXXZ 10004820 f   MainWindowDlg.obj
 0001:000039e0       ?OnEnKillfocusEditG3Qi@CMainWindowDlg@@QAEXXZ 100049e0 f   MainWindowDlg.obj
 0001:00003ba0       ?OnEnKillfocusEditG4Gou@CMainWindowDlg@@QAEXXZ 10004ba0 f   MainWindowDlg.obj
 0001:00003d60       ?OnEnKillfocusEditG4Gu@CMainWindowDlg@@QAEXXZ 10004d60 f   MainWindowDlg.obj
 0001:00003f20       ?OnEnKillfocusEditG4Qi@CMainWindowDlg@@QAEXXZ 10004f20 f   MainWindowDlg.obj
 0001:000040e0       ?OnEnKillfocusEditG5Gou@CMainWindowDlg@@QAEXXZ 100050e0 f   MainWindowDlg.obj
 0001:000042a0       ?OnEnKillfocusEditG5Gu@CMainWindowDlg@@QAEXXZ 100052a0 f   MainWindowDlg.obj
 0001:00004460       ?OnEnKillfocusEditG5Qi@CMainWindowDlg@@QAEXXZ 10005460 f   MainWindowDlg.obj
 0001:00004620       ?OnEnKillfocusEditG6Gou@CMainWindowDlg@@QAEXXZ 10005620 f   MainWindowDlg.obj
 0001:000047e0       ?OnEnKillfocusEditG6Gu@CMainWindowDlg@@QAEXXZ 100057e0 f   MainWindowDlg.obj
 0001:000049a0       ?OnEnKillfocusEditG6Qi@CMainWindowDlg@@QAEXXZ 100059a0 f   MainWindowDlg.obj
 0001:00004b60       ?OnTimer@CMainWindowDlg@@IAEXI@Z 10005b60 f   MainWindowDlg.obj
 0001:00004c40       ??0COleDateTime@ATL@@QAE@_J@Z 10005c40 f i MainWindowDlg.obj
 0001:00004c60       ?OnNotifyUpdate@CMainWindowDlg@@IAEJIJ@Z 10005c60 f   MainWindowDlg.obj
 0001:00004c80       ?GetTickCount@COleDateTime@ATL@@SG?AV12@XZ 10005c80 f i MainWindowDlg.obj
 0001:00004cc0       ?GetThisMessageMap@CMainWindowDlg@@KGPBUAFX_MSGMAP@@XZ 10005cc0 f   MainWindowDlg.obj
 0001:00004cd0       ?WriteLog@CMainWindowDlg@@QAEXV?$CStringT@DV?$StrTraitMFC_DLL@DV?$ChTraitsCRT@D@ATL@@@@@ATL@@@Z 10005cd0 f   MainWindowDlg.obj
 0001:00004e00       ?GetMessageMap@CMainWindowDlg@@MBEPBUAFX_MSGMAP@@XZ 10005e00 f   MainWindowDlg.obj
 0001:00004e10       ?WritePrivateProfileInt@@YAHPBD0H0@Z 10005e10 f   StdAfx.obj
 0001:00004ea0       ?GetPrivateProfileStringA@@YA?AV?$CStringT@DV?$StrTraitMFC_DLL@DV?$ChTraitsCRT@D@ATL@@@@@ATL@@PBD000@Z 10005ea0 f   StdAfx.obj
 0001:00004f20       ?GetPrivateProfileFloat@@YAMPBD0M0@Z 10005f20 f   StdAfx.obj
 0001:00004fd0       ?WritePrivateProfileFloat@@YAXPBD0M0@Z 10005fd0 f   StdAfx.obj
 0001:00005054       ??3@YAXPAX@Z               10006054 f   mfc90:mfc90.dll
 0001:0000505a       ??2@YAPAXI@Z               1000605a f   mfc90:mfc90.dll
 0001:00005060       ?AfxDeactivateActCtx@@YGHKK@Z 10006060 f   mfc90:mfc90.dll
 0001:00005066       ?GetThisMessageMap@CWinApp@@KGPBUAFX_MSGMAP@@XZ 10006066 f   mfc90:mfc90.dll
 0001:0000506c       ??0CWinApp@@QAE@PBD@Z      1000606c f   mfc90:mfc90.dll
 0001:00005072       ?GetRuntimeClass@CWinApp@@UBEPAUCRuntimeClass@@XZ 10006072 f   mfc90:mfc90.dll
 0001:00005078       ?OnCmdMsg@CCmdTarget@@UAEHIHPAXPAUAFX_CMDHANDLERINFO@@@Z 10006078 f   mfc90:mfc90.dll
 0001:0000507e       ?OnFinalRelease@CCmdTarget@@UAEXXZ 1000607e f   mfc90:mfc90.dll
 0001:00005084       ?IsInvokeAllowed@CCmdTarget@@UAEHJ@Z 10006084 f   mfc90:mfc90.dll
 0001:0000508a       ?GetDispatchIID@CCmdTarget@@UAEHPAU_GUID@@@Z 1000608a f   mfc90:mfc90.dll
 0001:00005090       ?GetTypeInfoCount@CCmdTarget@@UAEIXZ 10006090 f   mfc90:mfc90.dll
 0001:00005096       ?GetTypeLibCache@CCmdTarget@@UAEPAVCTypeLibCache@@XZ 10006096 f   mfc90:mfc90.dll
 0001:0000509c       ?GetTypeLib@CCmdTarget@@UAEJKPAPAUITypeLib@@@Z 1000609c f   mfc90:mfc90.dll
 0001:000050a2       ?GetCommandMap@CCmdTarget@@MBEPBUAFX_OLECMDMAP@@XZ 100060a2 f   mfc90:mfc90.dll
 0001:000050a8       ?GetDispatchMap@CCmdTarget@@MBEPBUAFX_DISPMAP@@XZ 100060a8 f   mfc90:mfc90.dll
 0001:000050ae       ?GetConnectionMap@CCmdTarget@@MBEPBUAFX_CONNECTIONMAP@@XZ 100060ae f   mfc90:mfc90.dll
 0001:000050b4       ?GetInterfaceMap@CCmdTarget@@MBEPBUAFX_INTERFACEMAP@@XZ 100060b4 f   mfc90:mfc90.dll
 0001:000050ba       ?GetEventSinkMap@CCmdTarget@@MBEPBUAFX_EVENTSINKMAP@@XZ 100060ba f   mfc90:mfc90.dll
 0001:000050c0       ?OnCreateAggregates@CCmdTarget@@UAEHXZ 100060c0 f   mfc90:mfc90.dll
 0001:000050c6       ?GetInterfaceHook@CCmdTarget@@UAEPAUIUnknown@@PBX@Z 100060c6 f   mfc90:mfc90.dll
 0001:000050cc       ?GetExtraConnectionPoints@CCmdTarget@@MAEHPAVCPtrArray@@@Z 100060cc f   mfc90:mfc90.dll
 0001:000050d2       ?GetConnectionHook@CCmdTarget@@MAEPAUIConnectionPoint@@ABU_GUID@@@Z 100060d2 f   mfc90:mfc90.dll
 0001:000050d8       ?Run@CWinApp@@UAEHXZ       100060d8 f   mfc90:mfc90.dll
 0001:000050de       ?PreTranslateMessage@CWinThread@@UAEHPAUtagMSG@@@Z 100060de f   mfc90:mfc90.dll
 0001:000050e4       ?PumpMessage@CWinThread@@UAEHXZ 100060e4 f   mfc90:mfc90.dll
 0001:000050ea       ?OnIdle@CWinApp@@UAEHJ@Z   100060ea f   mfc90:mfc90.dll
 0001:000050f0       ?IsIdleMessage@CWinThread@@UAEHPAUtagMSG@@@Z 100060f0 f   mfc90:mfc90.dll
 0001:000050f6       ?ExitInstance@CWinApp@@UAEHXZ 100060f6 f   mfc90:mfc90.dll
 0001:000050fc       ?ProcessWndProcException@CWinApp@@UAEJPAVCException@@PBUtagMSG@@@Z 100060fc f   mfc90:mfc90.dll
 0001:00005102       ?ProcessMessageFilter@CWinThread@@UAEHHPAUtagMSG@@@Z 10006102 f   mfc90:mfc90.dll
 0001:00005108       ?GetMainWnd@CWinThread@@UAEPAVCWnd@@XZ 10006108 f   mfc90:mfc90.dll
 0001:0000510e       ?Delete@CWinThread@@UAEXXZ 1000610e f   mfc90:mfc90.dll
 0001:00005114       ?InitLibId@CWinApp@@UAEXXZ 10006114 f   mfc90:mfc90.dll
 0001:0000511a       ?Register@CWinApp@@UAEHXZ  1000611a f   mfc90:mfc90.dll
 0001:00005120       ?Unregister@CWinApp@@UAEHXZ 10006120 f   mfc90:mfc90.dll
 0001:00005126       ?OpenDocumentFile@CWinApp@@UAEPAVCDocument@@PBD@Z 10006126 f   mfc90:mfc90.dll
 0001:0000512c       ?AddToRecentFileList@CWinApp@@UAEXPBD@Z 1000612c f   mfc90:mfc90.dll
 0001:00005132       ?InitApplication@CWinApp@@UAEHXZ 10006132 f   mfc90:mfc90.dll
 0001:00005138       ?SaveAllModified@CWinApp@@UAEHXZ 10006138 f   mfc90:mfc90.dll
 0001:0000513e       ?DoMessageBox@CWinApp@@UAEHPBDII@Z 1000613e f   mfc90:mfc90.dll
 0001:00005144       ?DoWaitCursor@CWinApp@@UAEXH@Z 10006144 f   mfc90:mfc90.dll
 0001:0000514a       ?OnDDECommand@CWinApp@@UAEHPAD@Z 1000614a f   mfc90:mfc90.dll
 0001:00005150       ?WinHelpA@CWinApp@@UAEXKI@Z 10006150 f   mfc90:mfc90.dll
 0001:00005156       ?HtmlHelpA@CWinApp@@UAEXKI@Z 10006156 f   mfc90:mfc90.dll
 0001:0000515c       ?WinHelpInternal@CWinApp@@UAEXKI@Z 1000615c f   mfc90:mfc90.dll
 0001:00005162       ?LoadAppLangResourceDLL@CWinApp@@UAEPAUHINSTANCE__@@XZ 10006162 f   mfc90:mfc90.dll
 0001:00005168       ?LoadSysPolicies@CWinApp@@UAEHXZ 10006168 f   mfc90:mfc90.dll
 0001:0000516e       ??1CWinApp@@UAE@XZ         1000616e f   mfc90:mfc90.dll
 0001:00005174       ?AfxMessageBox@@YGHIII@Z   10006174 f   mfc90:mfc90.dll
 0001:0000517a       ?ShowWindow@CWnd@@QAEHH@Z  1000617a f   mfc90:mfc90.dll
 0001:00005180       ?MoveWindow@CWnd@@QAEXHHHHH@Z 10006180 f   mfc90:mfc90.dll
 0001:00005186       ?FromHandle@CWnd@@SGPAV1@PAUHWND__@@@Z 10006186 f   mfc90:mfc90.dll
 0001:0000518c       ??0AFX_MAINTAIN_STATE2@@QAE@PAVAFX_MODULE_STATE@@@Z 1000618c f   mfc90:mfc90.dll
 0001:00005192       ?AfxThrowOleException@@YGXJ@Z 10006192 f   mfc90:mfc90.dll
 0001:00005198       ?AfxThrowMemoryException@@YGXXZ 10006198 f   mfc90:mfc90.dll
 0001:0000519e       ?Default@CWnd@@IAEJXZ      1000619e f   mfc90:mfc90.dll
 0001:000051a4       ??0CWnd@@QAE@XZ            100061a4 f   mfc90:mfc90.dll
 0001:000051aa       ?GetRuntimeClass@CEdit@@UBEPAUCRuntimeClass@@XZ 100061aa f   mfc90:mfc90.dll
 0001:000051b0       ?OnFinalRelease@CWnd@@UAEXXZ 100061b0 f   mfc90:mfc90.dll
 0001:000051b6       ?GetMessageMap@CWnd@@MBEPBUAFX_MSGMAP@@XZ 100061b6 f   mfc90:mfc90.dll
 0001:000051bc       ?GetInterfaceMap@CWnd@@MBEPBUAFX_INTERFACEMAP@@XZ 100061bc f   mfc90:mfc90.dll
 0001:000051c2       ?PreSubclassWindow@CWnd@@UAEXXZ 100061c2 f   mfc90:mfc90.dll
 0001:000051c8       ?Create@CWnd@@UAEHPBD0KABUtagRECT@@PAV1@IPAUCCreateContext@@@Z 100061c8 f   mfc90:mfc90.dll
 0001:000051ce       ?CreateEx@CWnd@@UAEHKPBD0KABUtagRECT@@PAV1@IPAX@Z 100061ce f   mfc90:mfc90.dll
 0001:000051d4       ?CreateEx@CWnd@@UAEHKPBD0KHHHHPAUHWND__@@PAUHMENU__@@PAX@Z 100061d4 f   mfc90:mfc90.dll
 0001:000051da       ?DestroyWindow@CWnd@@UAEHXZ 100061da f   mfc90:mfc90.dll
 0001:000051e0       ?PreCreateWindow@CWnd@@UAEHAAUtagCREATESTRUCTA@@@Z 100061e0 f   mfc90:mfc90.dll
 0001:000051e6       ?CalcWindowRect@CWnd@@UAEXPAUtagRECT@@I@Z 100061e6 f   mfc90:mfc90.dll
 0001:000051ec       ?GetMenu@CWnd@@UBEPAVCMenu@@XZ 100061ec f   mfc90:mfc90.dll
 0001:000051f2       ?SetMenu@CWnd@@UAEHPAVCMenu@@@Z 100061f2 f   mfc90:mfc90.dll
 0001:000051f8       ?OnToolHitTest@CWnd@@UBEHVCPoint@@PAUtagTOOLINFOA@@@Z 100061f8 f   mfc90:mfc90.dll
 0001:000051fe       ?GetScrollBarCtrl@CWnd@@UBEPAVCScrollBar@@H@Z 100061fe f   mfc90:mfc90.dll
 0001:00005204       ?WinHelpA@CWnd@@UAEXKI@Z   10006204 f   mfc90:mfc90.dll
 0001:0000520a       ?HtmlHelpA@CWnd@@UAEXKI@Z  1000620a f   mfc90:mfc90.dll
 0001:00005210       ?WinHelpInternal@CWnd@@UAEXKI@Z 10006210 f   mfc90:mfc90.dll
 0001:00005216       ?ContinueModal@CWnd@@UAEHXZ 10006216 f   mfc90:mfc90.dll
 0001:0000521c       ?EndModalLoop@CWnd@@UAEXH@Z 1000621c f   mfc90:mfc90.dll
 0001:00005222       ?EnsureStdObj@CWnd@@UAEJXZ 10006222 f   mfc90:mfc90.dll
 0001:00005228       ?get_accParent@CWnd@@UAEJPAPAUIDispatch@@@Z 10006228 f   mfc90:mfc90.dll
 0001:0000522e       ?get_accChildCount@CWnd@@UAEJPAJ@Z 1000622e f   mfc90:mfc90.dll
 0001:00005234       ?get_accChild@CWnd@@UAEJUtagVARIANT@@PAPAUIDispatch@@@Z 10006234 f   mfc90:mfc90.dll
 0001:0000523a       ?get_accName@CWnd@@UAEJUtagVARIANT@@PAPA_W@Z 1000623a f   mfc90:mfc90.dll
 0001:00005240       ?get_accValue@CWnd@@UAEJUtagVARIANT@@PAPA_W@Z 10006240 f   mfc90:mfc90.dll
 0001:00005246       ?get_accDescription@CWnd@@UAEJUtagVARIANT@@PAPA_W@Z 10006246 f   mfc90:mfc90.dll
 0001:0000524c       ?get_accRole@CWnd@@UAEJUtagVARIANT@@PAU2@@Z 1000624c f   mfc90:mfc90.dll
 0001:00005252       ?get_accState@CWnd@@UAEJUtagVARIANT@@PAU2@@Z 10006252 f   mfc90:mfc90.dll
 0001:00005258       ?get_accHelp@CWnd@@UAEJUtagVARIANT@@PAPA_W@Z 10006258 f   mfc90:mfc90.dll
 0001:0000525e       ?get_accHelpTopic@CWnd@@UAEJPAPA_WUtagVARIANT@@PAJ@Z 1000625e f   mfc90:mfc90.dll
 0001:00005264       ?get_accKeyboardShortcut@CWnd@@UAEJUtagVARIANT@@PAPA_W@Z 10006264 f   mfc90:mfc90.dll
 0001:0000526a       ?get_accFocus@CWnd@@UAEJPAUtagVARIANT@@@Z 1000626a f   mfc90:mfc90.dll
 0001:00005270       ?get_accSelection@CWnd@@UAEJPAUtagVARIANT@@@Z 10006270 f   mfc90:mfc90.dll
 0001:00005276       ?get_accDefaultAction@CWnd@@UAEJUtagVARIANT@@PAPA_W@Z 10006276 f   mfc90:mfc90.dll
 0001:0000527c       ?accSelect@CWnd@@UAEJJUtagVARIANT@@@Z 1000627c f   mfc90:mfc90.dll
 0001:00005282       ?accLocation@CWnd@@UAEJPAJ000UtagVARIANT@@@Z 10006282 f   mfc90:mfc90.dll
 0001:00005288       ?accNavigate@CWnd@@UAEJJUtagVARIANT@@PAU2@@Z 10006288 f   mfc90:mfc90.dll
 0001:0000528e       ?accHitTest@CWnd@@UAEJJJPAUtagVARIANT@@@Z 1000628e f   mfc90:mfc90.dll
 0001:00005294       ?accDoDefaultAction@CWnd@@UAEJUtagVARIANT@@@Z 10006294 f   mfc90:mfc90.dll
 0001:0000529a       ?put_accName@CWnd@@UAEJUtagVARIANT@@PA_W@Z 1000629a f   mfc90:mfc90.dll
 0001:000052a0       ?put_accValue@CWnd@@UAEJUtagVARIANT@@PA_W@Z 100062a0 f   mfc90:mfc90.dll
 0001:000052a6       ?SetProxy@CWnd@@UAEJPAUIAccessibleProxy@@@Z 100062a6 f   mfc90:mfc90.dll
 0001:000052ac       ?CreateAccessibleProxy@CWnd@@UAEJIJPAJ@Z 100062ac f   mfc90:mfc90.dll
 0001:000052b2       ?OnCommand@CWnd@@MAEHIJ@Z  100062b2 f   mfc90:mfc90.dll
 0001:000052b8       ?OnNotify@CWnd@@MAEHIJPAJ@Z 100062b8 f   mfc90:mfc90.dll
 0001:000052be       ?GetSuperWndProcAddr@CWnd@@MAEPAP6GJPAUHWND__@@IIJ@ZXZ 100062be f   mfc90:mfc90.dll
 0001:000052c4       ?PreTranslateMessage@CWnd@@UAEHPAUtagMSG@@@Z 100062c4 f   mfc90:mfc90.dll
 0001:000052ca       ?OnAmbientProperty@CWnd@@UAEHPAVCOleControlSite@@JPAUtagVARIANT@@@Z 100062ca f   mfc90:mfc90.dll
 0001:000052d0       ?WindowProc@CWnd@@MAEJIIJ@Z 100062d0 f   mfc90:mfc90.dll
 0001:000052d6       ?OnWndMsg@CWnd@@MAEHIIJPAJ@Z 100062d6 f   mfc90:mfc90.dll
 0001:000052dc       ?DefWindowProcA@CWnd@@MAEJIIJ@Z 100062dc f   mfc90:mfc90.dll
 0001:000052e2       ?PostNcDestroy@CWnd@@MAEXXZ 100062e2 f   mfc90:mfc90.dll
 0001:000052e8       ?OnChildNotify@CWnd@@MAEHIIJPAJ@Z 100062e8 f   mfc90:mfc90.dll
 0001:000052ee       ?CheckAutoCenter@CWnd@@UAEHXZ 100062ee f   mfc90:mfc90.dll
 0001:000052f4       ?IsFrameWnd@CWnd@@UBEHXZ   100062f4 f   mfc90:mfc90.dll
 0001:000052fa       ?CreateControlContainer@CWnd@@MAEHPAPAVCOleControlContainer@@@Z 100062fa f   mfc90:mfc90.dll
 0001:00005300       ?CreateControlSite@CWnd@@MAEHPAVCOleControlContainer@@PAPAVCOleControlSite@@IABU_GUID@@@Z 10006300 f   mfc90:mfc90.dll
 0001:00005306       ?SetOccDialogInfo@CWnd@@MAEHPAU_AFX_OCC_DIALOG_INFO@@@Z 10006306 f   mfc90:mfc90.dll
 0001:0000530c       ?GetOccDialogInfo@CWnd@@MAEPAU_AFX_OCC_DIALOG_INFO@@XZ 1000630c f   mfc90:mfc90.dll
 0001:00005312       ??1CEdit@@UAE@XZ           10006312 f   mfc90:mfc90.dll
 0001:00005318       ??1?$CStringT@DV?$StrTraitMFC_DLL@DV?$ChTraitsCRT@D@ATL@@@@@ATL@@QAE@XZ 10006318 f   mfc90:mfc90.dll
 0001:0000531e       ?ReleaseBuffer@?$CSimpleStringT@D$00@ATL@@QAEXH@Z 1000631e f   mfc90:mfc90.dll
 0001:00005324       ?GetBufferSetLength@?$CSimpleStringT@D$00@ATL@@QAEPADH@Z 10006324 f   mfc90:mfc90.dll
 0001:0000532a       ??0?$CStringT@DV?$StrTraitMFC_DLL@DV?$ChTraitsCRT@D@ATL@@@@@ATL@@QAE@ABV01@@Z 1000632a f   mfc90:mfc90.dll
 0001:00005330       ?LoadStringA@?$CStringT@DV?$StrTraitMFC_DLL@DV?$ChTraitsCRT@D@ATL@@@@@ATL@@QAEHI@Z 10006330 f   mfc90:mfc90.dll
 0001:00005336       ??0?$CStringT@DV?$StrTraitMFC_DLL@DV?$ChTraitsCRT@D@ATL@@@@@ATL@@QAE@XZ 10006336 f   mfc90:mfc90.dll
 0001:0000533c       ??0?$CStringT@DV?$StrTraitMFC_DLL@DV?$ChTraitsCRT@D@ATL@@@@@ATL@@QAE@PBD@Z 1000633c f   mfc90:mfc90.dll
 0001:00005342       ??1CDialog@@UAE@XZ         10006342 f   mfc90:mfc90.dll
 0001:00005348       ?GetBuffer@?$CSimpleStringT@D$00@ATL@@QAEPADH@Z 10006348 f   mfc90:mfc90.dll
 0001:0000534e       ??4?$CStringT@DV?$StrTraitMFC_DLL@DV?$ChTraitsCRT@D@ATL@@@@@ATL@@QAEAAV01@PBD@Z 1000634e f   mfc90:mfc90.dll
 0001:00005354       ??0CDialog@@QAE@IPAVCWnd@@@Z 10006354 f   mfc90:mfc90.dll
 0001:0000535a       ?GetRuntimeClass@CDialog@@UBEPAUCRuntimeClass@@XZ 1000635a f   mfc90:mfc90.dll
 0001:00005360       ?OnCmdMsg@CDialog@@UAEHIHPAXPAUAFX_CMDHANDLERINFO@@@Z 10006360 f   mfc90:mfc90.dll
 0001:00005366       ?PreTranslateMessage@CDialog@@UAEHPAUtagMSG@@@Z 10006366 f   mfc90:mfc90.dll
 0001:0000536c       ?CheckAutoCenter@CDialog@@UAEHXZ 1000636c f   mfc90:mfc90.dll
 0001:00005372       ?SetOccDialogInfo@CDialog@@MAEHPAU_AFX_OCC_DIALOG_INFO@@@Z 10006372 f   mfc90:mfc90.dll
 0001:00005378       ?GetOccDialogInfo@CDialog@@MAEPAU_AFX_OCC_DIALOG_INFO@@XZ 10006378 f   mfc90:mfc90.dll
 0001:0000537e       ?Create@CDialog@@UAEHPBDPAVCWnd@@@Z 1000637e f   mfc90:mfc90.dll
 0001:00005384       ?CreateIndirect@CDialog@@UAEHPAXPAVCWnd@@@Z 10006384 f   mfc90:mfc90.dll
 0001:0000538a       ?CreateIndirect@CDialog@@UAEHPBUDLGTEMPLATE@@PAVCWnd@@PAX@Z 1000638a f   mfc90:mfc90.dll
 0001:00005390       ?DoModal@CDialog@@UAEHXZ   10006390 f   mfc90:mfc90.dll
 0001:00005396       ?OnSetFont@CDialog@@UAEXPAVCFont@@@Z 10006396 f   mfc90:mfc90.dll
 0001:0000539c       ?OnOK@CDialog@@MAEXXZ      1000639c f   mfc90:mfc90.dll
 0001:000053a2       ?PreInitDialog@CDialog@@MAEXXZ 100063a2 f   mfc90:mfc90.dll
 0001:000053a8       ?SetFocus@CWnd@@QAEPAV1@XZ 100063a8 f   mfc90:mfc90.dll
 0001:000053ae       ?SetWindowTextA@CWnd@@QAEXPBD@Z 100063ae f   mfc90:mfc90.dll
 0001:000053b4       ?GetDlgItem@CWnd@@QBEPAV1@H@Z 100063b4 f   mfc90:mfc90.dll
 0001:000053ba       ?ModifyStyleEx@CWnd@@QAEHKKI@Z 100063ba f   mfc90:mfc90.dll
 0001:000053c0       ?OnInitDialog@CDialog@@UAEHXZ 100063c0 f   mfc90:mfc90.dll
 0001:000053c6       ??1CPaintDC@@UAE@XZ        100063c6 f   mfc90:mfc90.dll
 0001:000053cc       ??0CPaintDC@@QAE@PAVCWnd@@@Z 100063cc f   mfc90:mfc90.dll
 0001:000053d2       ?Format@?$CStringT@DV?$StrTraitMFC_DLL@DV?$ChTraitsCRT@D@ATL@@@@@ATL@@QAAXPBDZZ 100063d2 f   mfc90:mfc90.dll
 0001:000053d8       ?Right@?$CStringT@DV?$StrTraitMFC_DLL@DV?$ChTraitsCRT@D@ATL@@@@@ATL@@QBE?AV12@H@Z 100063d8 f   mfc90:mfc90.dll
 0001:000053de       ?Find@?$CStringT@DV?$StrTraitMFC_DLL@DV?$ChTraitsCRT@D@ATL@@@@@ATL@@QBEHPBDH@Z 100063de f   mfc90:mfc90.dll
 0001:000053e4       ?CompareNoCase@?$CStringT@DV?$StrTraitMFC_DLL@DV?$ChTraitsCRT@D@ATL@@@@@ATL@@QBEHPBD@Z 100063e4 f   mfc90:mfc90.dll
 0001:000053ea       ?GetDlgItemTextA@CWnd@@QBEHHAAV?$CStringT@DV?$StrTraitMFC_DLL@DV?$ChTraitsCRT@D@ATL@@@@@ATL@@@Z 100063ea f   mfc90:mfc90.dll
 0001:000053f0       ?Concatenate@?$CSimpleStringT@D$00@ATL@@KAXAAV12@PBDH1H@Z 100063f0 f   mfc90:mfc90.dll
 0001:000053f6       ??0?$CStringT@DV?$StrTraitMFC_DLL@DV?$ChTraitsCRT@D@ATL@@@@@ATL@@QAE@PAUIAtlStringMgr@1@@Z 100063f6 f   mfc90:mfc90.dll
 0001:000053fc       ?GetManager@?$CStringT@DV?$StrTraitMFC_DLL@DV?$ChTraitsCRT@D@ATL@@@@@ATL@@QBEPAUIAtlStringMgr@2@XZ 100063fc f   mfc90:mfc90.dll
 0001:00005402       ?Compare@?$CStringT@DV?$StrTraitMFC_DLL@DV?$ChTraitsCRT@D@ATL@@@@@ATL@@QBEHPBD@Z 10006402 f   mfc90:mfc90.dll
 0001:00005408       ??4?$CStringT@DV?$StrTraitMFC_DLL@DV?$ChTraitsCRT@D@ATL@@@@@ATL@@QAEAAV01@ABV01@@Z 10006408 f   mfc90:mfc90.dll
 0001:0000540e       ?Trim@?$CStringT@DV?$StrTraitMFC_DLL@DV?$ChTraitsCRT@D@ATL@@@@@ATL@@QAEAAV12@XZ 1000640e f   mfc90:mfc90.dll
 0001:00005414       ?GetThisMessageMap@CDialog@@KGPBUAFX_MSGMAP@@XZ 10006414 f   mfc90:mfc90.dll
 0001:0000541a       ??Y?$CStringT@DV?$StrTraitMFC_DLL@DV?$ChTraitsCRT@D@ATL@@@@@ATL@@QAEAAV01@PBD@Z 1000641a f   mfc90:mfc90.dll
 0001:00005420       ??Y?$CStringT@DV?$StrTraitMFC_DLL@DV?$ChTraitsCRT@D@ATL@@@@@ATL@@QAEAAV01@ABV?$CSimpleStringT@D$00@1@@Z 10006420 f   mfc90:mfc90.dll
 0001:00005426       ??1CComBSTR@ATL@@QAE@XZ    10006426 f i mfcs90:nolib.obj
 0001:0000542f       ??1stringdispid@CComTypeInfoHolder@ATL@@QAE@XZ 1000642f f i mfcs90:nolib.obj
 0001:00005438       ??_Estringdispid@CComTypeInfoHolder@ATL@@QAEPAXI@Z 10006438 f i mfcs90:nolib.obj
 0001:00005487       ?AfxSocketInit@@YGHPAUWSAData@@@Z 10006487 f   mfcs90:sockexp.obj
 0001:000054a1       ??1_AFX_DLL_MODULE_STATE@@UAE@XZ 100064a1 f i mfcs90:dllmodul.obj
 0001:000054a6       ?AfxWndProcDllStatic@@YGJPAUHWND__@@IIJ@Z 100064a6 f   mfcs90:dllmodul.obj
 0001:000054f1       ?AfxGetStaticModuleState@@YGPAVAFX_MODULE_STATE@@XZ 100064f1 f   mfcs90:dllmodul.obj
 0001:000054f7       _InternalDllMain@12        100064f7 f   mfcs90:dllmodul.obj
 0001:00005687       _RawDllMain@12             10006687 f   mfcs90:dllmodul.obj
 0001:000056e5       _DllMain@12                100066e5 f   mfcs90:dllmodul.obj
 0001:00005724       ??0_AFX_DLL_MODULE_STATE@@QAE@XZ 10006724 f i mfcs90:dllmodul.obj
 0001:00005746       ??_E_AFX_DLL_MODULE_STATE@@UAEPAXI@Z 10006746 f i mfcs90:dllmodul.obj
 0001:00005746       ??_G_AFX_DLL_MODULE_STATE@@UAEPAXI@Z 10006746 f i mfcs90:dllmodul.obj
 0001:00005766       ?AfxGetApp@@YGPAVCWinApp@@XZ 10006766 f i mfcs90:dllmodulx.obj
 0001:0000576f       __AfxDllModulHelper        1000676f f   mfcs90:dllmodulx.obj
 0001:000057bd       ??0type_info@@AAE@ABV0@@Z  100067bd f   msvcrt:ti_inst.obj
 0001:000057c8       ??_Etype_info@@UAEPAXI@Z   100067c8 f i msvcrt:ti_inst.obj
 0001:00005814       ??4type_info@@AAEAAV0@ABV0@@Z 10006814 f   msvcrt:ti_inst.obj
 0001:0000581a       ___CxxFrameHandler3        1000681a f   msvcrt:MSVCR90.dll
 0001:00005820       @__security_check_cookie@4 10006820 f   msvcrt:secchk.obj
 0001:0000582f       __onexit                   1000682f f   msvcrt:atonexit.obj
 0001:000058d4       _atexit                    100068d4 f   msvcrt:atonexit.obj
 0001:000058f0       __localtime64_s            100068f0 f   msvcrt:MSVCR90.dll
 0001:000058f6       _strftime                  100068f6 f   msvcrt:MSVCR90.dll
 0001:0000590e       ?__ArrayUnwind@@YGXPAXIHP6EX0@Z@Z 1000690e f   msvcrt:ehvecdtr.obj
 0001:0000596c       ??_M@YGXPAXIHP6EX0@Z@Z     1000696c f   msvcrt:ehvecdtr.obj
 0001:000059cf       ??_L@YGXPAXIHP6EX0@Z1@Z    100069cf f   msvcrt:ehvecctr.obj
 0001:00005a34       _atof                      10006a34 f   msvcrt:MSVCR90.dll
 0001:00005a3a       __time64                   10006a3a f   msvcrt:MSVCR90.dll
 0001:00005a40       _NtCurrentTeb              10006a40 f i msvcrt:crtdll.obj
 0001:00005a96       __CRT_INIT@12              10006a96 f   msvcrt:crtdll.obj
 0001:00005dd2       __DllMainCRTStartup@12     10006dd2 f   msvcrt:crtdll.obj
 0001:00005df5       __EH_prolog3               10006df5 f   msvcrt:ehprolg3.obj
 0001:00005e28       __EH_prolog3_catch         10006e28 f   msvcrt:ehprolg3.obj
 0001:00005e5e       __EH_prolog3_GS            10006e5e f   msvcrt:ehprolg3.obj
 0001:00005e94       __EH_prolog3_catch_GS      10006e94 f   msvcrt:ehprolg3.obj
 0001:00005ecd       __EH_epilog3               10006ecd f   msvcrt:ehprolg3.obj
 0001:00005ee1       __EH_epilog3_GS            10006ee1 f   msvcrt:ehprolg3.obj
 0001:00005ef0       __EH_epilog3_catch_GS      10006ef0 f   msvcrt:ehprolg3.obj
 0001:00005eff       ___report_gsfailure        10006eff f   msvcrt:gs_report.obj
 0001:00006006       __unlock                   10007006 f   msvcrt:MSVCR90.dll
 0001:0000600c       ___dllonexit               1000700c f   msvcrt:MSVCR90.dll
 0001:00006012       __encode_pointer           10007012 f   msvcrt:MSVCR90.dll
 0001:00006018       __lock                     10007018 f   msvcrt:MSVCR90.dll
 0001:0000601e       __decode_pointer           1000701e f   msvcrt:MSVCR90.dll
 0001:00006024       __SEH_prolog4              10007024 f   msvcrt:sehprolg4.obj
 0001:00006069       __SEH_epilog4              10007069 f   msvcrt:sehprolg4.obj
 0001:0000607d       __except_handler4          1000707d f   msvcrt:chandler4gs.obj
 0001:000060a2       ?terminate@@YAXXZ          100070a2 f   msvcrt:MSVCR90.dll
 0001:000060a8       ___clean_type_info_names   100070a8 f   msvcrt:tncleanup.obj
 0001:000060b4       __RTC_Initialize           100070b4 f   msvcrt:_initsect_.obj
 0001:000060da       __RTC_Terminate            100070da f   msvcrt:_initsect_.obj
 0001:00006100       __malloc_crt               10007100 f   msvcrt:MSVCR90.dll
 0001:00006106       _free                      10007106 f   msvcrt:MSVCR90.dll
 0001:0000610c       __encoded_null             1000710c f   msvcrt:MSVCR90.dll
 0001:00006120       __ValidateImageBase        10007120 f   msvcrt:pesect.obj
 0001:00006160       __FindPESection            10007160 f   msvcrt:pesect.obj
 0001:000061b0       __IsNonwritableInCurrentImage 100071b0 f   msvcrt:pesect.obj
 0001:0000626e       __initterm                 1000726e f   msvcrt:MSVCR90.dll
 0001:00006274       __initterm_e               10007274 f   msvcrt:MSVCR90.dll
 0001:0000627a       __amsg_exit                1000727a f   msvcrt:MSVCR90.dll
 0001:00006280       ___CppXcptFilter           10007280 f   msvcrt:MSVCR90.dll
 0001:00006286       ___security_init_cookie    10007286 f   msvcrt:gs_support.obj
 0001:0000631c       ??1type_info@@UAE@XZ       1000731c f   msvcrt:MSVCR90.dll
 0001:0000631c       ?_type_info_dtor_internal_method@type_info@@QAEXXZ 1000731c f   msvcrt:MSVCR90.dll
 0001:00006322       __crt_debugger_hook        10007322 f   msvcrt:MSVCR90.dll
 0001:00006328       __except_handler4_common   10007328 f   msvcrt:MSVCR90.dll
 0001:0000632e       ___clean_type_info_names_internal 1000732e f   msvcrt:MSVCR90.dll
 0001:00006334       _GetPrivateProfileIntA@16  10007334 f   kernel32:KERNEL32.dll
 0001:0000633a       _GetPrivateProfileStringA@24 1000733a f   kernel32:KERNEL32.dll
 0001:00006340       _WritePrivateProfileStringA@16 10007340 f   kernel32:KERNEL32.dll
 0001:00006346       _LocalFree@4               10007346 f   kernel32:KERNEL32.dll
 0001:0000634c       _LocalAlloc@8              1000734c f   kernel32:KERNEL32.dll
 0001:00006352       _InterlockedExchange@8     10007352 f   kernel32:KERNEL32.dll
 0001:00006358       _Sleep@4                   10007358 f   kernel32:KERNEL32.dll
 0001:0000635e       _InterlockedCompareExchange@12 1000735e f   kernel32:KERNEL32.dll
 0001:00006364       _TerminateProcess@8        10007364 f   kernel32:KERNEL32.dll
 0001:0000636a       _GetCurrentProcess@0       1000736a f   kernel32:KERNEL32.dll
 0001:00006370       _UnhandledExceptionFilter@4 10007370 f   kernel32:KERNEL32.dll
 0001:00006376       _SetUnhandledExceptionFilter@4 10007376 f   kernel32:KERNEL32.dll
 0001:0000637c       _IsDebuggerPresent@0       1000737c f   kernel32:KERNEL32.dll
 0001:00006382       _QueryPerformanceCounter@4 10007382 f   kernel32:KERNEL32.dll
 0001:00006388       _GetTickCount@0            10007388 f   kernel32:KERNEL32.dll
 0001:0000638e       _GetCurrentThreadId@0      1000738e f   kernel32:KERNEL32.dll
 0001:00006394       _GetCurrentProcessId@0     10007394 f   kernel32:KERNEL32.dll
 0001:0000639a       _GetSystemTimeAsFileTime@4 1000739a f   kernel32:KERNEL32.dll
 0001:000063a0       _GetWindowRect@8           100073a0 f   user32:USER32.dll
 0001:000063a6       _InvalidateRect@12         100073a6 f   user32:USER32.dll
 0001:000063ac       _SetTimer@16               100073ac f   user32:USER32.dll
 0001:000063b2       _KillTimer@8               100073b2 f   user32:USER32.dll
 0001:000063b8       _EnableWindow@8            100073b8 f   user32:USER32.dll
 0001:000063be       _SendMessageA@16           100073be f   user32:USER32.dll
 0001:000063c4       _VariantTimeToSystemTime@12 100073c4 f   oleaut32:OLEAUT32.dll
 0001:000063ca       _SystemTimeToVariantTime@8 100073ca f   oleaut32:OLEAUT32.dll
 0001:000063d0       _VarUdateFromDate@16       100073d0 f   oleaut32:OLEAUT32.dll
 0001:000063d6       _SysFreeString@4           100073d6 f   oleaut32:OLEAUT32.dll
 0001:000063dc       _WSAStartup@8              100073dc f   ws2_32:WS2_32.dll
 0001:000063e2       ?_AfxSocketInit@@YGHPAUWSAData@@@Z 100073e2 f   mfc90:mfc90.dll
 0001:000063e8       ??1AFX_MODULE_STATE@@UAE@XZ 100073e8 f   mfc90:mfc90.dll
 0001:000063ee       ?AfxWndProc@@YGJPAUHWND__@@IIJ@Z 100073ee f   mfc90:mfc90.dll
 0001:000063f4       ?AfxTermThread@@YGXPAUHINSTANCE__@@@Z 100073f4 f   mfc90:mfc90.dll
 0001:000063fa       ?AfxTermExtensionModule@@YGXAAUAFX_EXTENSION_MODULE@@H@Z 100073fa f   mfc90:mfc90.dll
 0001:00006400       ?AfxUnlockTempMaps@@YGHH@Z 10007400 f   mfc90:mfc90.dll
 0001:00006406       ?AfxLockTempMaps@@YGXXZ    10007406 f   mfc90:mfc90.dll
 0001:0000640c       ?AfxSetModuleState@@YGPAVAFX_MODULE_STATE@@PAV1@@Z 1000740c f   mfc90:mfc90.dll
 0001:00006412       ?Delete@CException@@QAEXXZ 10007412 f   mfc90:mfc90.dll
 0001:00006418       ??0CDynLinkLibrary@@QAE@AAUAFX_EXTENSION_MODULE@@H@Z 10007418 f   mfc90:mfc90.dll
 0001:0000641e       ?AfxInitExtensionModule@@YGHAAUAFX_EXTENSION_MODULE@@PAUHINSTANCE__@@@Z 1000741e f   mfc90:mfc90.dll
 0001:00006424       ?AfxWinTerm@@YGXXZ         10007424 f   mfc90:mfc90.dll
 0001:0000642a       ?AfxWinInit@@YGHPAUHINSTANCE__@@0PADH@Z 1000742a f   mfc90:mfc90.dll
 0001:00006430       ?AfxGetThreadState@@YGPAV_AFX_THREAD_STATE@@XZ 10007430 f   mfc90:mfc90.dll
 0001:00006436       ?AfxCoreInitModule@@YGXXZ  10007436 f   mfc90:mfc90.dll
 0001:0000643c       ?AfxGetModuleState@@YGPAVAFX_MODULE_STATE@@XZ 1000743c f   mfc90:mfc90.dll
 0001:00006442       ??0AFX_MODULE_STATE@@QAE@HP6GJPAUHWND__@@IIJ@ZKH@Z 10007442 f   mfc90:mfc90.dll
 0001:00006448       ??3CNoTrackObject@@SGXPAX@Z 10007448 f   mfc90:mfc90.dll
 0001:0000644e       ??0CDynLinkLibrary@@QAE@PAUHINSTANCE__@@0@Z 1000744e f   mfc90:mfc90.dll
 0001:00006545       __RawDllMainProxy@12       10007545 f   mfcs90:rawdllmainproxy.obj
 0002:00000000       __imp__LocalFree@4         10008000     kernel32:KERNEL32.dll
 0002:00000004       __imp__GetPrivateProfileStringA@24 10008004     kernel32:KERNEL32.dll
 0002:00000008       __imp__WritePrivateProfileStringA@16 10008008     kernel32:KERNEL32.dll
 0002:0000000c       __imp__LocalAlloc@8        1000800c     kernel32:KERNEL32.dll
 0002:00000010       __imp__InterlockedExchange@8 10008010     kernel32:KERNEL32.dll
 0002:00000014       __imp__Sleep@4             10008014     kernel32:KERNEL32.dll
 0002:00000018       __imp__InterlockedCompareExchange@12 10008018     kernel32:KERNEL32.dll
 0002:0000001c       __imp__TerminateProcess@8  1000801c     kernel32:KERNEL32.dll
 0002:00000020       __imp__GetCurrentProcess@0 10008020     kernel32:KERNEL32.dll
 0002:00000024       __imp__UnhandledExceptionFilter@4 10008024     kernel32:KERNEL32.dll
 0002:00000028       __imp__SetUnhandledExceptionFilter@4 10008028     kernel32:KERNEL32.dll
 0002:0000002c       __imp__IsDebuggerPresent@0 1000802c     kernel32:KERNEL32.dll
 0002:00000030       __imp__QueryPerformanceCounter@4 10008030     kernel32:KERNEL32.dll
 0002:00000034       __imp__GetSystemTimeAsFileTime@4 10008034     kernel32:KERNEL32.dll
 0002:00000038       __imp__GetCurrentProcessId@0 10008038     kernel32:KERNEL32.dll
 0002:0000003c       __imp__GetCurrentThreadId@0 1000803c     kernel32:KERNEL32.dll
 0002:00000040       __imp__GetTickCount@0      10008040     kernel32:KERNEL32.dll
 0002:00000044       __imp__GetPrivateProfileIntA@16 10008044     kernel32:KERNEL32.dll
 0002:00000048       \177KERNEL32_NULL_THUNK_DATA 10008048     kernel32:KERNEL32.dll
 0002:0000004c       __imp_?terminate@@YAXXZ    1000804c     msvcrt:MSVCR90.dll
 0002:00000050       __imp___decode_pointer     10008050     msvcrt:MSVCR90.dll
 0002:00000054       __imp___onexit             10008054     msvcrt:MSVCR90.dll
 0002:00000058       __imp___lock               10008058     msvcrt:MSVCR90.dll
 0002:0000005c       __imp___encode_pointer     1000805c     msvcrt:MSVCR90.dll
 0002:00000060       __imp____dllonexit         10008060     msvcrt:MSVCR90.dll
 0002:00000064       __imp___unlock             10008064     msvcrt:MSVCR90.dll
 0002:00000068       __imp___time64             10008068     msvcrt:MSVCR90.dll
 0002:0000006c       __imp__atof                1000806c     msvcrt:MSVCR90.dll
 0002:00000070       __imp____CxxFrameHandler3  10008070     msvcrt:MSVCR90.dll
 0002:00000074       __imp__strftime            10008074     msvcrt:MSVCR90.dll
 0002:00000078       __imp___localtime64_s      10008078     msvcrt:MSVCR90.dll
 0002:0000007c       __imp___malloc_crt         1000807c     msvcrt:MSVCR90.dll
 0002:00000080       __imp____clean_type_info_names_internal 10008080     msvcrt:MSVCR90.dll
 0002:00000084       __imp___except_handler4_common 10008084     msvcrt:MSVCR90.dll
 0002:00000088       __imp___crt_debugger_hook  10008088     msvcrt:MSVCR90.dll
 0002:0000008c       __imp_?_type_info_dtor_internal_method@type_info@@QAEXXZ 1000808c     msvcrt:MSVCR90.dll
 0002:00000090       __imp____CppXcptFilter     10008090     msvcrt:MSVCR90.dll
 0002:00000094       __imp___adjust_fdiv        10008094     msvcrt:MSVCR90.dll
 0002:00000098       __imp___amsg_exit          10008098     msvcrt:MSVCR90.dll
 0002:0000009c       __imp___initterm_e         1000809c     msvcrt:MSVCR90.dll
 0002:000000a0       __imp___initterm           100080a0     msvcrt:MSVCR90.dll
 0002:000000a4       __imp___encoded_null       100080a4     msvcrt:MSVCR90.dll
 0002:000000a8       __imp__free                100080a8     msvcrt:MSVCR90.dll
 0002:000000ac       \177MSVCR90_NULL_THUNK_DATA 100080ac     msvcrt:MSVCR90.dll
 0002:000000b0       __imp__VarUdateFromDate@16 100080b0     oleaut32:OLEAUT32.dll
 0002:000000b4       __imp__SystemTimeToVariantTime@8 100080b4     oleaut32:OLEAUT32.dll
 0002:000000b8       __imp__VariantTimeToSystemTime@12 100080b8     oleaut32:OLEAUT32.dll
 0002:000000bc       __imp__SysFreeString@4     100080bc     oleaut32:OLEAUT32.dll
 0002:000000c0       \177OLEAUT32_NULL_THUNK_DATA 100080c0     oleaut32:OLEAUT32.dll
 0002:000000c4       __imp__KillTimer@8         100080c4     user32:USER32.dll
 0002:000000c8       __imp__SetTimer@16         100080c8     user32:USER32.dll
 0002:000000cc       __imp__InvalidateRect@12   100080cc     user32:USER32.dll
 0002:000000d0       __imp__SendMessageA@16     100080d0     user32:USER32.dll
 0002:000000d4       __imp__EnableWindow@8      100080d4     user32:USER32.dll
 0002:000000d8       __imp__GetWindowRect@8     100080d8     user32:USER32.dll
 0002:000000dc       \177USER32_NULL_THUNK_DATA 100080dc     user32:USER32.dll
 0002:000000e0       __imp__WSAStartup@8        100080e0     ws2_32:WS2_32.dll
 0002:000000e4       \177WS2_32_NULL_THUNK_DATA 100080e4     ws2_32:WS2_32.dll
 0002:000000e8       __imp_?OnFinalRelease@CWnd@@UAEXXZ 100080e8     mfc90:mfc90.dll
 0002:000000ec       __imp_?GetMessageMap@CWnd@@MBEPBUAFX_MSGMAP@@XZ 100080ec     mfc90:mfc90.dll
 0002:000000f0       __imp_?GetInterfaceMap@CWnd@@MBEPBUAFX_INTERFACEMAP@@XZ 100080f0     mfc90:mfc90.dll
 0002:000000f4       __imp_?PreSubclassWindow@CWnd@@UAEXXZ 100080f4     mfc90:mfc90.dll
 0002:000000f8       __imp_?Create@CWnd@@UAEHPBD0KABUtagRECT@@PAV1@IPAUCCreateContext@@@Z 100080f8     mfc90:mfc90.dll
 0002:000000fc       __imp_?CreateEx@CWnd@@UAEHKPBD0KABUtagRECT@@PAV1@IPAX@Z 100080fc     mfc90:mfc90.dll
 0002:00000100       __imp_?CreateEx@CWnd@@UAEHKPBD0KHHHHPAUHWND__@@PAUHMENU__@@PAX@Z 10008100     mfc90:mfc90.dll
 0002:00000104       __imp_?DestroyWindow@CWnd@@UAEHXZ 10008104     mfc90:mfc90.dll
 0002:00000108       __imp_?PreCreateWindow@CWnd@@UAEHAAUtagCREATESTRUCTA@@@Z 10008108     mfc90:mfc90.dll
 0002:0000010c       __imp_?CalcWindowRect@CWnd@@UAEXPAUtagRECT@@I@Z 1000810c     mfc90:mfc90.dll
 0002:00000110       __imp_?GetMenu@CWnd@@UBEPAVCMenu@@XZ 10008110     mfc90:mfc90.dll
 0002:00000114       __imp_?SetMenu@CWnd@@UAEHPAVCMenu@@@Z 10008114     mfc90:mfc90.dll
 0002:00000118       __imp_?OnToolHitTest@CWnd@@UBEHVCPoint@@PAUtagTOOLINFOA@@@Z 10008118     mfc90:mfc90.dll
 0002:0000011c       __imp_?GetScrollBarCtrl@CWnd@@UBEPAVCScrollBar@@H@Z 1000811c     mfc90:mfc90.dll
 0002:00000120       __imp_?WinHelpA@CWnd@@UAEXKI@Z 10008120     mfc90:mfc90.dll
 0002:00000124       __imp_?HtmlHelpA@CWnd@@UAEXKI@Z 10008124     mfc90:mfc90.dll
 0002:00000128       __imp_?WinHelpInternal@CWnd@@UAEXKI@Z 10008128     mfc90:mfc90.dll
 0002:0000012c       __imp_?ContinueModal@CWnd@@UAEHXZ 1000812c     mfc90:mfc90.dll
 0002:00000130       __imp_?EndModalLoop@CWnd@@UAEXH@Z 10008130     mfc90:mfc90.dll
 0002:00000134       __imp_?EnsureStdObj@CWnd@@UAEJXZ 10008134     mfc90:mfc90.dll
 0002:00000138       __imp_?get_accParent@CWnd@@UAEJPAPAUIDispatch@@@Z 10008138     mfc90:mfc90.dll
 0002:0000013c       __imp_?get_accChildCount@CWnd@@UAEJPAJ@Z 1000813c     mfc90:mfc90.dll
 0002:00000140       __imp_?get_accChild@CWnd@@UAEJUtagVARIANT@@PAPAUIDispatch@@@Z 10008140     mfc90:mfc90.dll
 0002:00000144       __imp_?get_accName@CWnd@@UAEJUtagVARIANT@@PAPA_W@Z 10008144     mfc90:mfc90.dll
 0002:00000148       __imp_?get_accValue@CWnd@@UAEJUtagVARIANT@@PAPA_W@Z 10008148     mfc90:mfc90.dll
 0002:0000014c       __imp_?get_accDescription@CWnd@@UAEJUtagVARIANT@@PAPA_W@Z 1000814c     mfc90:mfc90.dll
 0002:00000150       __imp_?get_accRole@CWnd@@UAEJUtagVARIANT@@PAU2@@Z 10008150     mfc90:mfc90.dll
 0002:00000154       __imp_?get_accState@CWnd@@UAEJUtagVARIANT@@PAU2@@Z 10008154     mfc90:mfc90.dll
 0002:00000158       __imp_?get_accHelp@CWnd@@UAEJUtagVARIANT@@PAPA_W@Z 10008158     mfc90:mfc90.dll
 0002:0000015c       __imp_?get_accHelpTopic@CWnd@@UAEJPAPA_WUtagVARIANT@@PAJ@Z 1000815c     mfc90:mfc90.dll
 0002:00000160       __imp_?get_accKeyboardShortcut@CWnd@@UAEJUtagVARIANT@@PAPA_W@Z 10008160     mfc90:mfc90.dll
 0002:00000164       __imp_?get_accFocus@CWnd@@UAEJPAUtagVARIANT@@@Z 10008164     mfc90:mfc90.dll
 0002:00000168       __imp_?get_accSelection@CWnd@@UAEJPAUtagVARIANT@@@Z 10008168     mfc90:mfc90.dll
 0002:0000016c       __imp_?get_accDefaultAction@CWnd@@UAEJUtagVARIANT@@PAPA_W@Z 1000816c     mfc90:mfc90.dll
 0002:00000170       __imp_?accSelect@CWnd@@UAEJJUtagVARIANT@@@Z 10008170     mfc90:mfc90.dll
 0002:00000174       __imp_?accLocation@CWnd@@UAEJPAJ000UtagVARIANT@@@Z 10008174     mfc90:mfc90.dll
 0002:00000178       __imp_?accNavigate@CWnd@@UAEJJUtagVARIANT@@PAU2@@Z 10008178     mfc90:mfc90.dll
 0002:0000017c       __imp_?accHitTest@CWnd@@UAEJJJPAUtagVARIANT@@@Z 1000817c     mfc90:mfc90.dll
 0002:00000180       __imp_?accDoDefaultAction@CWnd@@UAEJUtagVARIANT@@@Z 10008180     mfc90:mfc90.dll
 0002:00000184       __imp_?put_accName@CWnd@@UAEJUtagVARIANT@@PA_W@Z 10008184     mfc90:mfc90.dll
 0002:00000188       __imp_?put_accValue@CWnd@@UAEJUtagVARIANT@@PA_W@Z 10008188     mfc90:mfc90.dll
 0002:0000018c       __imp_?SetProxy@CWnd@@UAEJPAUIAccessibleProxy@@@Z 1000818c     mfc90:mfc90.dll
 0002:00000190       __imp_?CreateAccessibleProxy@CWnd@@UAEJIJPAJ@Z 10008190     mfc90:mfc90.dll
 0002:00000194       __imp_?OnCommand@CWnd@@MAEHIJ@Z 10008194     mfc90:mfc90.dll
 0002:00000198       __imp_?OnNotify@CWnd@@MAEHIJPAJ@Z 10008198     mfc90:mfc90.dll
 0002:0000019c       __imp_?GetSuperWndProcAddr@CWnd@@MAEPAP6GJPAUHWND__@@IIJ@ZXZ 1000819c     mfc90:mfc90.dll
 0002:000001a0       __imp_?PreTranslateMessage@CWnd@@UAEHPAUtagMSG@@@Z 100081a0     mfc90:mfc90.dll
 0002:000001a4       __imp_?OnAmbientProperty@CWnd@@UAEHPAVCOleControlSite@@JPAUtagVARIANT@@@Z 100081a4     mfc90:mfc90.dll
 0002:000001a8       __imp_?WindowProc@CWnd@@MAEJIIJ@Z 100081a8     mfc90:mfc90.dll
 0002:000001ac       __imp_?OnWndMsg@CWnd@@MAEHIIJPAJ@Z 100081ac     mfc90:mfc90.dll
 0002:000001b0       __imp_?DefWindowProcA@CWnd@@MAEJIIJ@Z 100081b0     mfc90:mfc90.dll
 0002:000001b4       __imp_?PostNcDestroy@CWnd@@MAEXXZ 100081b4     mfc90:mfc90.dll
 0002:000001b8       __imp_?GetRuntimeClass@CEdit@@UBEPAUCRuntimeClass@@XZ 100081b8     mfc90:mfc90.dll
 0002:000001bc       __imp_?CheckAutoCenter@CWnd@@UAEHXZ 100081bc     mfc90:mfc90.dll
 0002:000001c0       __imp_?IsFrameWnd@CWnd@@UBEHXZ 100081c0     mfc90:mfc90.dll
 0002:000001c4       __imp_?CreateControlContainer@CWnd@@MAEHPAPAVCOleControlContainer@@@Z 100081c4     mfc90:mfc90.dll
 0002:000001c8       __imp_?CreateControlSite@CWnd@@MAEHPAVCOleControlContainer@@PAPAVCOleControlSite@@IABU_GUID@@@Z 100081c8     mfc90:mfc90.dll
 0002:000001cc       __imp_?SetOccDialogInfo@CWnd@@MAEHPAU_AFX_OCC_DIALOG_INFO@@@Z 100081cc     mfc90:mfc90.dll
 0002:000001d0       __imp_?GetOccDialogInfo@CWnd@@MAEPAU_AFX_OCC_DIALOG_INFO@@XZ 100081d0     mfc90:mfc90.dll
 0002:000001d4       __imp_??1CEdit@@UAE@XZ     100081d4     mfc90:mfc90.dll
 0002:000001d8       __imp_??1?$CStringT@DV?$StrTraitMFC_DLL@DV?$ChTraitsCRT@D@ATL@@@@@ATL@@QAE@XZ 100081d8     mfc90:mfc90.dll
 0002:000001dc       __imp_?ReleaseBuffer@?$CSimpleStringT@D$00@ATL@@QAEXH@Z 100081dc     mfc90:mfc90.dll
 0002:000001e0       __imp_?GetBufferSetLength@?$CSimpleStringT@D$00@ATL@@QAEPADH@Z 100081e0     mfc90:mfc90.dll
 0002:000001e4       __imp_??0?$CStringT@DV?$StrTraitMFC_DLL@DV?$ChTraitsCRT@D@ATL@@@@@ATL@@QAE@ABV01@@Z 100081e4     mfc90:mfc90.dll
 0002:000001e8       __imp_?LoadStringA@?$CStringT@DV?$StrTraitMFC_DLL@DV?$ChTraitsCRT@D@ATL@@@@@ATL@@QAEHI@Z 100081e8     mfc90:mfc90.dll
 0002:000001ec       __imp_??0?$CStringT@DV?$StrTraitMFC_DLL@DV?$ChTraitsCRT@D@ATL@@@@@ATL@@QAE@XZ 100081ec     mfc90:mfc90.dll
 0002:000001f0       __imp_??0?$CStringT@DV?$StrTraitMFC_DLL@DV?$ChTraitsCRT@D@ATL@@@@@ATL@@QAE@PBD@Z 100081f0     mfc90:mfc90.dll
 0002:000001f4       __imp_??1CDialog@@UAE@XZ   100081f4     mfc90:mfc90.dll
 0002:000001f8       __imp_?GetBuffer@?$CSimpleStringT@D$00@ATL@@QAEPADH@Z 100081f8     mfc90:mfc90.dll
 0002:000001fc       __imp_??4?$CStringT@DV?$StrTraitMFC_DLL@DV?$ChTraitsCRT@D@ATL@@@@@ATL@@QAEAAV01@PBD@Z 100081fc     mfc90:mfc90.dll
 0002:00000200       __imp_??0CDialog@@QAE@IPAVCWnd@@@Z 10008200     mfc90:mfc90.dll
 0002:00000204       __imp_?GetRuntimeClass@CDialog@@UBEPAUCRuntimeClass@@XZ 10008204     mfc90:mfc90.dll
 0002:00000208       __imp_?OnCmdMsg@CDialog@@UAEHIHPAXPAUAFX_CMDHANDLERINFO@@@Z 10008208     mfc90:mfc90.dll
 0002:0000020c       __imp_?PreTranslateMessage@CDialog@@UAEHPAUtagMSG@@@Z 1000820c     mfc90:mfc90.dll
 0002:00000210       __imp_?CheckAutoCenter@CDialog@@UAEHXZ 10008210     mfc90:mfc90.dll
 0002:00000214       __imp_?SetOccDialogInfo@CDialog@@MAEHPAU_AFX_OCC_DIALOG_INFO@@@Z 10008214     mfc90:mfc90.dll
 0002:00000218       __imp_?GetOccDialogInfo@CDialog@@MAEPAU_AFX_OCC_DIALOG_INFO@@XZ 10008218     mfc90:mfc90.dll
 0002:0000021c       __imp_?Create@CDialog@@UAEHPBDPAVCWnd@@@Z 1000821c     mfc90:mfc90.dll
 0002:00000220       __imp_?CreateIndirect@CDialog@@UAEHPAXPAVCWnd@@@Z 10008220     mfc90:mfc90.dll
 0002:00000224       __imp_?CreateIndirect@CDialog@@UAEHPBUDLGTEMPLATE@@PAVCWnd@@PAX@Z 10008224     mfc90:mfc90.dll
 0002:00000228       __imp_?DoModal@CDialog@@UAEHXZ 10008228     mfc90:mfc90.dll
 0002:0000022c       __imp_?OnSetFont@CDialog@@UAEXPAVCFont@@@Z 1000822c     mfc90:mfc90.dll
 0002:00000230       __imp_?OnOK@CDialog@@MAEXXZ 10008230     mfc90:mfc90.dll
 0002:00000234       __imp_?PreInitDialog@CDialog@@MAEXXZ 10008234     mfc90:mfc90.dll
 0002:00000238       __imp_?SetFocus@CWnd@@QAEPAV1@XZ 10008238     mfc90:mfc90.dll
 0002:0000023c       __imp_?SetWindowTextA@CWnd@@QAEXPBD@Z 1000823c     mfc90:mfc90.dll
 0002:00000240       __imp_?GetDlgItem@CWnd@@QBEPAV1@H@Z 10008240     mfc90:mfc90.dll
 0002:00000244       __imp_?ModifyStyleEx@CWnd@@QAEHKKI@Z 10008244     mfc90:mfc90.dll
 0002:00000248       __imp_?OnInitDialog@CDialog@@UAEHXZ 10008248     mfc90:mfc90.dll
 0002:0000024c       __imp_??1CPaintDC@@UAE@XZ  1000824c     mfc90:mfc90.dll
 0002:00000250       __imp_??0CPaintDC@@QAE@PAVCWnd@@@Z 10008250     mfc90:mfc90.dll
 0002:00000254       __imp_?Format@?$CStringT@DV?$StrTraitMFC_DLL@DV?$ChTraitsCRT@D@ATL@@@@@ATL@@QAAXPBDZZ 10008254     mfc90:mfc90.dll
 0002:00000258       __imp_?Right@?$CStringT@DV?$StrTraitMFC_DLL@DV?$ChTraitsCRT@D@ATL@@@@@ATL@@QBE?AV12@H@Z 10008258     mfc90:mfc90.dll
 0002:0000025c       __imp_?Find@?$CStringT@DV?$StrTraitMFC_DLL@DV?$ChTraitsCRT@D@ATL@@@@@ATL@@QBEHPBDH@Z 1000825c     mfc90:mfc90.dll
 0002:00000260       __imp_?CompareNoCase@?$CStringT@DV?$StrTraitMFC_DLL@DV?$ChTraitsCRT@D@ATL@@@@@ATL@@QBEHPBD@Z 10008260     mfc90:mfc90.dll
 0002:00000264       __imp_?GetDlgItemTextA@CWnd@@QBEHHAAV?$CStringT@DV?$StrTraitMFC_DLL@DV?$ChTraitsCRT@D@ATL@@@@@ATL@@@Z 10008264     mfc90:mfc90.dll
 0002:00000268       __imp_?Concatenate@?$CSimpleStringT@D$00@ATL@@KAXAAV12@PBDH1H@Z 10008268     mfc90:mfc90.dll
 0002:0000026c       __imp_??0?$CStringT@DV?$StrTraitMFC_DLL@DV?$ChTraitsCRT@D@ATL@@@@@ATL@@QAE@PAUIAtlStringMgr@1@@Z 1000826c     mfc90:mfc90.dll
 0002:00000270       __imp_?GetManager@?$CStringT@DV?$StrTraitMFC_DLL@DV?$ChTraitsCRT@D@ATL@@@@@ATL@@QBEPAUIAtlStringMgr@2@XZ 10008270     mfc90:mfc90.dll
 0002:00000274       __imp_?Compare@?$CStringT@DV?$StrTraitMFC_DLL@DV?$ChTraitsCRT@D@ATL@@@@@ATL@@QBEHPBD@Z 10008274     mfc90:mfc90.dll
 0002:00000278       __imp_??4?$CStringT@DV?$StrTraitMFC_DLL@DV?$ChTraitsCRT@D@ATL@@@@@ATL@@QAEAAV01@ABV01@@Z 10008278     mfc90:mfc90.dll
 0002:0000027c       __imp_?Trim@?$CStringT@DV?$StrTraitMFC_DLL@DV?$ChTraitsCRT@D@ATL@@@@@ATL@@QAEAAV12@XZ 1000827c     mfc90:mfc90.dll
 0002:00000280       __imp_?GetThisMessageMap@CDialog@@KGPBUAFX_MSGMAP@@XZ 10008280     mfc90:mfc90.dll
 0002:00000284       __imp_??Y?$CStringT@DV?$StrTraitMFC_DLL@DV?$ChTraitsCRT@D@ATL@@@@@ATL@@QAEAAV01@PBD@Z 10008284     mfc90:mfc90.dll
 0002:00000288       __imp_??Y?$CStringT@DV?$StrTraitMFC_DLL@DV?$ChTraitsCRT@D@ATL@@@@@ATL@@QAEAAV01@ABV?$CSimpleStringT@D$00@1@@Z 10008288     mfc90:mfc90.dll
 0002:0000028c       __imp_??0CWnd@@QAE@XZ      1000828c     mfc90:mfc90.dll
 0002:00000290       __imp_?Default@CWnd@@IAEJXZ 10008290     mfc90:mfc90.dll
 0002:00000294       __imp_?AfxThrowMemoryException@@YGXXZ 10008294     mfc90:mfc90.dll
 0002:00000298       __imp_?AfxThrowOleException@@YGXJ@Z 10008298     mfc90:mfc90.dll
 0002:0000029c       __imp_??0AFX_MAINTAIN_STATE2@@QAE@PAVAFX_MODULE_STATE@@@Z 1000829c     mfc90:mfc90.dll
 0002:000002a0       __imp_?FromHandle@CWnd@@SGPAV1@PAUHWND__@@@Z 100082a0     mfc90:mfc90.dll
 0002:000002a4       __imp_?MoveWindow@CWnd@@QAEXHHHHH@Z 100082a4     mfc90:mfc90.dll
 0002:000002a8       __imp_?ShowWindow@CWnd@@QAEHH@Z 100082a8     mfc90:mfc90.dll
 0002:000002ac       __imp_?AfxMessageBox@@YGHIII@Z 100082ac     mfc90:mfc90.dll
 0002:000002b0       __imp_??1CWinApp@@UAE@XZ   100082b0     mfc90:mfc90.dll
 0002:000002b4       __imp_?LoadSysPolicies@CWinApp@@UAEHXZ 100082b4     mfc90:mfc90.dll
 0002:000002b8       __imp_?LoadAppLangResourceDLL@CWinApp@@UAEPAUHINSTANCE__@@XZ 100082b8     mfc90:mfc90.dll
 0002:000002bc       __imp_?WinHelpInternal@CWinApp@@UAEXKI@Z 100082bc     mfc90:mfc90.dll
 0002:000002c0       __imp_?HtmlHelpA@CWinApp@@UAEXKI@Z 100082c0     mfc90:mfc90.dll
 0002:000002c4       __imp_?WinHelpA@CWinApp@@UAEXKI@Z 100082c4     mfc90:mfc90.dll
 0002:000002c8       __imp_?OnDDECommand@CWinApp@@UAEHPAD@Z 100082c8     mfc90:mfc90.dll
 0002:000002cc       __imp_?DoWaitCursor@CWinApp@@UAEXH@Z 100082cc     mfc90:mfc90.dll
 0002:000002d0       __imp_?DoMessageBox@CWinApp@@UAEHPBDII@Z 100082d0     mfc90:mfc90.dll
 0002:000002d4       __imp_?SaveAllModified@CWinApp@@UAEHXZ 100082d4     mfc90:mfc90.dll
 0002:000002d8       __imp_?InitApplication@CWinApp@@UAEHXZ 100082d8     mfc90:mfc90.dll
 0002:000002dc       __imp_?AddToRecentFileList@CWinApp@@UAEXPBD@Z 100082dc     mfc90:mfc90.dll
 0002:000002e0       __imp_?OpenDocumentFile@CWinApp@@UAEPAVCDocument@@PBD@Z 100082e0     mfc90:mfc90.dll
 0002:000002e4       __imp_?Unregister@CWinApp@@UAEHXZ 100082e4     mfc90:mfc90.dll
 0002:000002e8       __imp_?Register@CWinApp@@UAEHXZ 100082e8     mfc90:mfc90.dll
 0002:000002ec       __imp_?InitLibId@CWinApp@@UAEXXZ 100082ec     mfc90:mfc90.dll
 0002:000002f0       __imp_?Delete@CWinThread@@UAEXXZ 100082f0     mfc90:mfc90.dll
 0002:000002f4       __imp_?GetMainWnd@CWinThread@@UAEPAVCWnd@@XZ 100082f4     mfc90:mfc90.dll
 0002:000002f8       __imp_?ProcessMessageFilter@CWinThread@@UAEHHPAUtagMSG@@@Z 100082f8     mfc90:mfc90.dll
 0002:000002fc       __imp_?ProcessWndProcException@CWinApp@@UAEJPAVCException@@PBUtagMSG@@@Z 100082fc     mfc90:mfc90.dll
 0002:00000300       __imp_?ExitInstance@CWinApp@@UAEHXZ 10008300     mfc90:mfc90.dll
 0002:00000304       __imp_?IsIdleMessage@CWinThread@@UAEHPAUtagMSG@@@Z 10008304     mfc90:mfc90.dll
 0002:00000308       __imp_?OnIdle@CWinApp@@UAEHJ@Z 10008308     mfc90:mfc90.dll
 0002:0000030c       __imp_?PumpMessage@CWinThread@@UAEHXZ 1000830c     mfc90:mfc90.dll
 0002:00000310       __imp_?PreTranslateMessage@CWinThread@@UAEHPAUtagMSG@@@Z 10008310     mfc90:mfc90.dll
 0002:00000314       __imp_?Run@CWinApp@@UAEHXZ 10008314     mfc90:mfc90.dll
 0002:00000318       __imp_?GetConnectionHook@CCmdTarget@@MAEPAUIConnectionPoint@@ABU_GUID@@@Z 10008318     mfc90:mfc90.dll
 0002:0000031c       __imp_?GetExtraConnectionPoints@CCmdTarget@@MAEHPAVCPtrArray@@@Z 1000831c     mfc90:mfc90.dll
 0002:00000320       __imp_?GetInterfaceHook@CCmdTarget@@UAEPAUIUnknown@@PBX@Z 10008320     mfc90:mfc90.dll
 0002:00000324       __imp_?OnCreateAggregates@CCmdTarget@@UAEHXZ 10008324     mfc90:mfc90.dll
 0002:00000328       __imp_?GetEventSinkMap@CCmdTarget@@MBEPBUAFX_EVENTSINKMAP@@XZ 10008328     mfc90:mfc90.dll
 0002:0000032c       __imp_?GetInterfaceMap@CCmdTarget@@MBEPBUAFX_INTERFACEMAP@@XZ 1000832c     mfc90:mfc90.dll
 0002:00000330       __imp_?GetConnectionMap@CCmdTarget@@MBEPBUAFX_CONNECTIONMAP@@XZ 10008330     mfc90:mfc90.dll
 0002:00000334       __imp_?GetDispatchMap@CCmdTarget@@MBEPBUAFX_DISPMAP@@XZ 10008334     mfc90:mfc90.dll
 0002:00000338       __imp_?GetCommandMap@CCmdTarget@@MBEPBUAFX_OLECMDMAP@@XZ 10008338     mfc90:mfc90.dll
 0002:0000033c       __imp_?GetTypeLib@CCmdTarget@@UAEJKPAPAUITypeLib@@@Z 1000833c     mfc90:mfc90.dll
 0002:00000340       __imp_?GetTypeLibCache@CCmdTarget@@UAEPAVCTypeLibCache@@XZ 10008340     mfc90:mfc90.dll
 0002:00000344       __imp_?GetTypeInfoCount@CCmdTarget@@UAEIXZ 10008344     mfc90:mfc90.dll
 0002:00000348       __imp_?GetDispatchIID@CCmdTarget@@UAEHPAU_GUID@@@Z 10008348     mfc90:mfc90.dll
 0002:0000034c       __imp_?IsInvokeAllowed@CCmdTarget@@UAEHJ@Z 1000834c     mfc90:mfc90.dll
 0002:00000350       __imp_?OnFinalRelease@CCmdTarget@@UAEXXZ 10008350     mfc90:mfc90.dll
 0002:00000354       __imp_?OnCmdMsg@CCmdTarget@@UAEHIHPAXPAUAFX_CMDHANDLERINFO@@@Z 10008354     mfc90:mfc90.dll
 0002:00000358       __imp_?GetRuntimeClass@CWinApp@@UBEPAUCRuntimeClass@@XZ 10008358     mfc90:mfc90.dll
 0002:0000035c       __imp_??0CWinApp@@QAE@PBD@Z 1000835c     mfc90:mfc90.dll
 0002:00000360       __imp_?GetThisMessageMap@CWinApp@@KGPBUAFX_MSGMAP@@XZ 10008360     mfc90:mfc90.dll
 0002:00000364       __imp_?AfxDeactivateActCtx@@YGHKK@Z 10008364     mfc90:mfc90.dll
 0002:00000368       __imp_??2@YAPAXI@Z         10008368     mfc90:mfc90.dll
 0002:0000036c       __imp_?OnChildNotify@CWnd@@MAEHIIJPAJ@Z 1000836c     mfc90:mfc90.dll
 0002:00000370       __imp_??3@YAXPAX@Z         10008370     mfc90:mfc90.dll
 0002:00000374       __imp_?_AfxSocketInit@@YGHPAUWSAData@@@Z 10008374     mfc90:mfc90.dll
 0002:00000378       __imp_??1AFX_MODULE_STATE@@UAE@XZ 10008378     mfc90:mfc90.dll
 0002:0000037c       __imp_?AfxWndProc@@YGJPAUHWND__@@IIJ@Z 1000837c     mfc90:mfc90.dll
 0002:00000380       __imp_?AfxTermThread@@YGXPAUHINSTANCE__@@@Z 10008380     mfc90:mfc90.dll
 0002:00000384       __imp_?AfxTermExtensionModule@@YGXAAUAFX_EXTENSION_MODULE@@H@Z 10008384     mfc90:mfc90.dll
 0002:00000388       __imp_?AfxUnlockTempMaps@@YGHH@Z 10008388     mfc90:mfc90.dll
 0002:0000038c       __imp_?AfxLockTempMaps@@YGXXZ 1000838c     mfc90:mfc90.dll
 0002:00000390       __imp_?AfxSetModuleState@@YGPAVAFX_MODULE_STATE@@PAV1@@Z 10008390     mfc90:mfc90.dll
 0002:00000394       __imp_?Delete@CException@@QAEXXZ 10008394     mfc90:mfc90.dll
 0002:00000398       __imp_??0CDynLinkLibrary@@QAE@AAUAFX_EXTENSION_MODULE@@H@Z 10008398     mfc90:mfc90.dll
 0002:0000039c       __imp_?AfxInitExtensionModule@@YGHAAUAFX_EXTENSION_MODULE@@PAUHINSTANCE__@@@Z 1000839c     mfc90:mfc90.dll
 0002:000003a0       __imp_?AfxWinTerm@@YGXXZ   100083a0     mfc90:mfc90.dll
 0002:000003a4       __imp_?AfxWinInit@@YGHPAUHINSTANCE__@@0PADH@Z 100083a4     mfc90:mfc90.dll
 0002:000003a8       __imp_?AfxGetThreadState@@YGPAV_AFX_THREAD_STATE@@XZ 100083a8     mfc90:mfc90.dll
 0002:000003ac       __imp_?AfxCoreInitModule@@YGXXZ 100083ac     mfc90:mfc90.dll
 0002:000003b0       __imp_?AfxGetModuleState@@YGPAVAFX_MODULE_STATE@@XZ 100083b0     mfc90:mfc90.dll
 0002:000003b4       __imp_??0AFX_MODULE_STATE@@QAE@HP6GJPAUHWND__@@IIJ@ZKH@Z 100083b4     mfc90:mfc90.dll
 0002:000003b8       __imp_??3CNoTrackObject@@SGXPAX@Z 100083b8     mfc90:mfc90.dll
 0002:000003bc       __imp_??0CDynLinkLibrary@@QAE@PAUHINSTANCE__@@0@Z 100083bc     mfc90:mfc90.dll
 0002:000003c0       \177mfc90_NULL_THUNK_DATA  100083c0     mfc90:mfc90.dll
 0002:000003c4       ___xc_a                    100083c4     msvcrt:cinitexe.obj
 0002:000003d0       ___xc_z                    100083d0     msvcrt:cinitexe.obj
 0002:000003d4       ___xi_a                    100083d4     msvcrt:cinitexe.obj
 0002:000003dc       ___xi_z                    100083dc     msvcrt:cinitexe.obj
 0002:000003fc       ??_C@_0BF@GPPHKJFN@Invalid?5DateTimeSpan?$AA@ 100083fc     AddinDemo.obj
 0002:00000414       ??_C@_0BB@KEKMKJPM@Invalid?5DateTime?$AA@ 10008414     AddinDemo.obj
 0002:00000428       ?_Min@?$AtlLimits@H@ATL@@2HB 10008428     AddinDemo.obj
 0002:0000042c       ?_Max@?$AtlLimits@H@ATL@@2HB 1000842c     AddinDemo.obj
 0002:00000430       ?_Min@?$AtlLimits@I@ATL@@2IB 10008430     AddinDemo.obj
 0002:00000434       ?_Max@?$AtlLimits@I@ATL@@2IB 10008434     AddinDemo.obj
 0002:00000438       ?_Min@?$AtlLimits@J@ATL@@2JB 10008438     AddinDemo.obj
 0002:0000043c       ?_Max@?$AtlLimits@J@ATL@@2JB 1000843c     AddinDemo.obj
 0002:00000440       ?_Min@?$AtlLimits@K@ATL@@2KB 10008440     AddinDemo.obj
 0002:00000444       ?_Max@?$AtlLimits@K@ATL@@2KB 10008444     AddinDemo.obj
 0002:00000448       ?_Min@?$AtlLimits@_J@ATL@@2_JB 10008448     AddinDemo.obj
 0002:00000450       ?_Max@?$AtlLimits@_J@ATL@@2_JB 10008450     AddinDemo.obj
 0002:00000458       ?_Min@?$AtlLimits@_K@ATL@@2_KB 10008458     AddinDemo.obj
 0002:00000460       ?_Max@?$AtlLimits@_K@ATL@@2_KB 10008460     AddinDemo.obj
 0002:00000468       ?VT@?$CVarTypeInfo@D@ATL@@2GB 10008468     AddinDemo.obj
 0002:0000046c       ?pmField@?$CVarTypeInfo@D@ATL@@2QQtagVARIANT@@DQ3@ 1000846c     AddinDemo.obj
 0002:00000470       ?VT@?$CVarTypeInfo@E@ATL@@2GB 10008470     AddinDemo.obj
 0002:00000474       ?pmField@?$CVarTypeInfo@E@ATL@@2QQtagVARIANT@@EQ3@ 10008474     AddinDemo.obj
 0002:00000478       ?VT@?$CVarTypeInfo@PAD@ATL@@2GB 10008478     AddinDemo.obj
 0002:0000047c       ?pmField@?$CVarTypeInfo@PAD@ATL@@2QQtagVARIANT@@PADQ3@ 1000847c     AddinDemo.obj
 0002:00000480       ?VT@?$CVarTypeInfo@PAE@ATL@@2GB 10008480     AddinDemo.obj
 0002:00000484       ?pmField@?$CVarTypeInfo@PAE@ATL@@2QQtagVARIANT@@PAEQ3@ 10008484     AddinDemo.obj
 0002:00000488       ?VT@?$CVarTypeInfo@F@ATL@@2GB 10008488     AddinDemo.obj
 0002:0000048c       ?pmField@?$CVarTypeInfo@F@ATL@@2QQtagVARIANT@@FQ3@ 1000848c     AddinDemo.obj
 0002:00000490       ?VT@?$CVarTypeInfo@PAF@ATL@@2GB 10008490     AddinDemo.obj
 0002:00000494       ?pmField@?$CVarTypeInfo@PAF@ATL@@2QQtagVARIANT@@PAFQ3@ 10008494     AddinDemo.obj
 0002:00000498       ?VT@?$CVarTypeInfo@G@ATL@@2GB 10008498     AddinDemo.obj
 0002:0000049c       ?pmField@?$CVarTypeInfo@G@ATL@@2QQtagVARIANT@@GQ3@ 1000849c     AddinDemo.obj
 0002:000004a0       ?VT@?$CVarTypeInfo@PAG@ATL@@2GB 100084a0     AddinDemo.obj
 0002:000004a4       ?pmField@?$CVarTypeInfo@PAG@ATL@@2QQtagVARIANT@@PAGQ3@ 100084a4     AddinDemo.obj
 0002:000004a8       ?VT@?$CVarTypeInfo@H@ATL@@2GB 100084a8     AddinDemo.obj
 0002:000004ac       ?pmField@?$CVarTypeInfo@H@ATL@@2QQtagVARIANT@@HQ3@ 100084ac     AddinDemo.obj
 0002:000004b0       ?VT@?$CVarTypeInfo@PAH@ATL@@2GB 100084b0     AddinDemo.obj
 0002:000004b4       ?pmField@?$CVarTypeInfo@PAH@ATL@@2QQtagVARIANT@@PAHQ3@ 100084b4     AddinDemo.obj
 0002:000004b8       ?VT@?$CVarTypeInfo@I@ATL@@2GB 100084b8     AddinDemo.obj
 0002:000004bc       ?pmField@?$CVarTypeInfo@I@ATL@@2QQtagVARIANT@@IQ3@ 100084bc     AddinDemo.obj
 0002:000004c0       ?VT@?$CVarTypeInfo@PAI@ATL@@2GB 100084c0     AddinDemo.obj
 0002:000004c4       ?pmField@?$CVarTypeInfo@PAI@ATL@@2QQtagVARIANT@@PAIQ3@ 100084c4     AddinDemo.obj
 0002:000004c8       ?VT@?$CVarTypeInfo@J@ATL@@2GB 100084c8     AddinDemo.obj
 0002:000004cc       ?pmField@?$CVarTypeInfo@J@ATL@@2QQtagVARIANT@@JQ3@ 100084cc     AddinDemo.obj
 0002:000004d0       ?VT@?$CVarTypeInfo@PAJ@ATL@@2GB 100084d0     AddinDemo.obj
 0002:000004d4       ?pmField@?$CVarTypeInfo@PAJ@ATL@@2QQtagVARIANT@@PAJQ3@ 100084d4     AddinDemo.obj
 0002:000004d8       ?VT@?$CVarTypeInfo@K@ATL@@2GB 100084d8     AddinDemo.obj
 0002:000004dc       ?pmField@?$CVarTypeInfo@K@ATL@@2QQtagVARIANT@@KQ3@ 100084dc     AddinDemo.obj
 0002:000004e0       ?VT@?$CVarTypeInfo@PAK@ATL@@2GB 100084e0     AddinDemo.obj
 0002:000004e4       ?pmField@?$CVarTypeInfo@PAK@ATL@@2QQtagVARIANT@@PAKQ3@ 100084e4     AddinDemo.obj
 0002:000004e8       ?VT@?$CVarTypeInfo@_J@ATL@@2GB 100084e8     AddinDemo.obj
 0002:000004ec       ?pmField@?$CVarTypeInfo@_J@ATL@@2QQtagVARIANT@@_JQ3@ 100084ec     AddinDemo.obj
 0002:000004f0       ?VT@?$CVarTypeInfo@PA_J@ATL@@2GB 100084f0     AddinDemo.obj
 0002:000004f4       ?pmField@?$CVarTypeInfo@PA_J@ATL@@2QQtagVARIANT@@PA_JQ3@ 100084f4     AddinDemo.obj
 0002:000004f8       ?VT@?$CVarTypeInfo@_K@ATL@@2GB 100084f8     AddinDemo.obj
 0002:000004fc       ?pmField@?$CVarTypeInfo@_K@ATL@@2QQtagVARIANT@@_KQ3@ 100084fc     AddinDemo.obj
 0002:00000500       ?VT@?$CVarTypeInfo@PA_K@ATL@@2GB 10008500     AddinDemo.obj
 0002:00000504       ?pmField@?$CVarTypeInfo@PA_K@ATL@@2QQtagVARIANT@@PA_KQ3@ 10008504     AddinDemo.obj
 0002:00000508       ?VT@?$CVarTypeInfo@M@ATL@@2GB 10008508     AddinDemo.obj
 0002:0000050c       ?pmField@?$CVarTypeInfo@M@ATL@@2QQtagVARIANT@@MQ3@ 1000850c     AddinDemo.obj
 0002:00000510       ?VT@?$CVarTypeInfo@PAM@ATL@@2GB 10008510     AddinDemo.obj
 0002:00000514       ?pmField@?$CVarTypeInfo@PAM@ATL@@2QQtagVARIANT@@PAMQ3@ 10008514     AddinDemo.obj
 0002:00000518       ?VT@?$CVarTypeInfo@N@ATL@@2GB 10008518     AddinDemo.obj
 0002:0000051c       ?pmField@?$CVarTypeInfo@N@ATL@@2QQtagVARIANT@@NQ3@ 1000851c     AddinDemo.obj
 0002:00000520       ?VT@?$CVarTypeInfo@PAN@ATL@@2GB 10008520     AddinDemo.obj
 0002:00000524       ?pmField@?$CVarTypeInfo@PAN@ATL@@2QQtagVARIANT@@PANQ3@ 10008524     AddinDemo.obj
 0002:00000528       ?VT@?$CVarTypeInfo@UtagVARIANT@@@ATL@@2GB 10008528     AddinDemo.obj
 0002:0000052c       ?VT@?$CVarTypeInfo@PA_W@ATL@@2GB 1000852c     AddinDemo.obj
 0002:00000530       ?pmField@?$CVarTypeInfo@PA_W@ATL@@2QQtagVARIANT@@PA_WQ3@ 10008530     AddinDemo.obj
 0002:00000534       ?VT@?$CVarTypeInfo@PAPA_W@ATL@@2GB 10008534     AddinDemo.obj
 0002:00000538       ?pmField@?$CVarTypeInfo@PAPA_W@ATL@@2QQtagVARIANT@@PAPA_WQ3@ 10008538     AddinDemo.obj
 0002:0000053c       ?VT@?$CVarTypeInfo@PAUIUnknown@@@ATL@@2GB 1000853c     AddinDemo.obj
 0002:00000540       ?pmField@?$CVarTypeInfo@PAUIUnknown@@@ATL@@2QQtagVARIANT@@PAUIUnknown@@Q3@ 10008540     AddinDemo.obj
 0002:00000544       ?VT@?$CVarTypeInfo@PAPAUIUnknown@@@ATL@@2GB 10008544     AddinDemo.obj
 0002:00000548       ?pmField@?$CVarTypeInfo@PAPAUIUnknown@@@ATL@@2QQtagVARIANT@@PAPAUIUnknown@@Q3@ 10008548     AddinDemo.obj
 0002:0000054c       ?VT@?$CVarTypeInfo@PAUIDispatch@@@ATL@@2GB 1000854c     AddinDemo.obj
 0002:00000550       ?pmField@?$CVarTypeInfo@PAUIDispatch@@@ATL@@2QQtagVARIANT@@PAUIDispatch@@Q3@ 10008550     AddinDemo.obj
 0002:00000554       ?VT@?$CVarTypeInfo@PAPAUIDispatch@@@ATL@@2GB 10008554     AddinDemo.obj
 0002:00000558       ?pmField@?$CVarTypeInfo@PAPAUIDispatch@@@ATL@@2QQtagVARIANT@@PAPAUIDispatch@@Q3@ 10008558     AddinDemo.obj
 0002:0000055c       ?VT@?$CVarTypeInfo@TtagCY@@@ATL@@2GB 1000855c     AddinDemo.obj
 0002:00000560       ?pmField@?$CVarTypeInfo@TtagCY@@@ATL@@2QQtagVARIANT@@TtagCY@@Q3@ 10008560     AddinDemo.obj
 0002:00000564       ?VT@?$CVarTypeInfo@PATtagCY@@@ATL@@2GB 10008564     AddinDemo.obj
 0002:00000568       ?pmField@?$CVarTypeInfo@PATtagCY@@@ATL@@2QQtagVARIANT@@PATtagCY@@Q3@ 10008568     AddinDemo.obj
 0002:0000056c       ?c_bIsMFCDLLTraits@?$_MFCDLLTraitsCheck@DV?$StrTraitMFC_DLL@DV?$ChTraitsCRT@D@ATL@@@@@_CSTRING_IMPL_@ATL@@2_NB 1000856c     AddinDemo.obj
 0002:0000056d       ?c_bIsMFCDLLTraits@?$_MFCDLLTraitsCheck@_WV?$StrTraitMFC_DLL@_WV?$ChTraitsCRT@_W@ATL@@@@@_CSTRING_IMPL_@ATL@@2_NB 1000856d     AddinDemo.obj
 0002:00000570       ?generic@CArchiveException@@2HB 10008570     AddinDemo.obj
 0002:00000574       ?generic@CFileException@@2HB 10008574     AddinDemo.obj
 0002:00000578       ?Millisecond@CFileTime@ATL@@2_KB 10008578     AddinDemo.obj
 0002:00000580       ?Second@CFileTime@ATL@@2_KB 10008580     AddinDemo.obj
 0002:00000588       ?Minute@CFileTime@ATL@@2_KB 10008588     AddinDemo.obj
 0002:00000590       ?Hour@CFileTime@ATL@@2_KB  10008590     AddinDemo.obj
 0002:00000598       ?Day@CFileTime@ATL@@2_KB   10008598     AddinDemo.obj
 0002:000005a0       ?Week@CFileTime@ATL@@2_KB  100085a0     AddinDemo.obj
 0002:000005a8       ?szInvalidDateTime@ATL@@3QBDB 100085a8     AddinDemo.obj
 0002:000005ac       ?szInvalidDateTimeSpan@ATL@@3QBDB 100085ac     AddinDemo.obj
 0002:000005b0       ?OLE_DATETIME_HALFSECOND@COleDateTimeSpan@ATL@@0NB 100085b0     AddinDemo.obj
 0002:000005b8       ?CLSID_WinFormsControl@@3U_GUID@@B 100085b8     AddinDemo.obj
 0002:000005cc       ??_7Thank_you@Define_the_symbol__ATL_MIXED@@6B@ 100085cc     AddinDemo.obj
 0002:000005f4       ??_7CAddinDemoApp@@6B@     100085f4     AddinDemo.obj
 0002:000006b4       ??_C@_01NFFPALBN@Y?$AA@    100086b4     AddinDemo.obj
 0002:000006b8       ??_C@_01MMEEDKFM@X?$AA@    100086b8     AddinDemo.obj
 0002:000006bc       ??_C@_09BHBCDEEB@AddinDemo?$AA@ 100086bc     AddinDemo.obj
 0002:000006c8       ??_C@_08HHPOCDIN@AutoShow?$AA@ 100086c8     AddinDemo.obj
 0002:000006d4       ??_C@_0BA@JCEOMPAO@C?3?2StockCfg?4ini?$AA@ 100086d4     AddinDemo.obj
 0002:000006e4       ??_C@_08HMDOEAEO@?L?W?$MA?$PL?$LM?$OA?$LP?X?$AA@ 100086e4     AddinDemo.obj
 0002:000006f0       ??_C@_0P@GHFPNOJB@bad?5allocation?$AA@ 100086f0     MainWindowDlg.obj
 0002:00000700       ?collate@?$_Locbase@H@std@@2HB 10008700     MainWindowDlg.obj
 0002:00000704       ?ctype@?$_Locbase@H@std@@2HB 10008704     MainWindowDlg.obj
 0002:00000708       ?monetary@?$_Locbase@H@std@@2HB 10008708     MainWindowDlg.obj
 0002:0000070c       ?numeric@?$_Locbase@H@std@@2HB 1000870c     MainWindowDlg.obj
 0002:00000710       ?time@?$_Locbase@H@std@@2HB 10008710     MainWindowDlg.obj
 0002:00000714       ?messages@?$_Locbase@H@std@@2HB 10008714     MainWindowDlg.obj
 0002:00000718       ?all@?$_Locbase@H@std@@2HB 10008718     MainWindowDlg.obj
 0002:0000071c       ?none@?$_Locbase@H@std@@2HB 1000871c     MainWindowDlg.obj
 0002:00000720       ?skipws@?$_Iosb@H@std@@2W4_Fmtflags@12@B 10008720     MainWindowDlg.obj
 0002:00000724       ?unitbuf@?$_Iosb@H@std@@2W4_Fmtflags@12@B 10008724     MainWindowDlg.obj
 0002:00000728       ?uppercase@?$_Iosb@H@std@@2W4_Fmtflags@12@B 10008728     MainWindowDlg.obj
 0002:0000072c       ?showbase@?$_Iosb@H@std@@2W4_Fmtflags@12@B 1000872c     MainWindowDlg.obj
 0002:00000730       ?showpoint@?$_Iosb@H@std@@2W4_Fmtflags@12@B 10008730     MainWindowDlg.obj
 0002:00000734       ?showpos@?$_Iosb@H@std@@2W4_Fmtflags@12@B 10008734     MainWindowDlg.obj
 0002:00000738       ?left@?$_Iosb@H@std@@2W4_Fmtflags@12@B 10008738     MainWindowDlg.obj
 0002:0000073c       ?right@?$_Iosb@H@std@@2W4_Fmtflags@12@B 1000873c     MainWindowDlg.obj
 0002:00000740       ?internal@?$_Iosb@H@std@@2W4_Fmtflags@12@B 10008740     MainWindowDlg.obj
 0002:00000744       ?dec@?$_Iosb@H@std@@2W4_Fmtflags@12@B 10008744     MainWindowDlg.obj
 0002:00000748       ?oct@?$_Iosb@H@std@@2W4_Fmtflags@12@B 10008748     MainWindowDlg.obj
 0002:0000074c       ?hex@?$_Iosb@H@std@@2W4_Fmtflags@12@B 1000874c     MainWindowDlg.obj
 0002:00000750       ?scientific@?$_Iosb@H@std@@2W4_Fmtflags@12@B 10008750     MainWindowDlg.obj
 0002:00000754       ?fixed@?$_Iosb@H@std@@2W4_Fmtflags@12@B 10008754     MainWindowDlg.obj
 0002:00000758       ?hexfloat@?$_Iosb@H@std@@2W4_Fmtflags@12@B 10008758     MainWindowDlg.obj
 0002:0000075c       ?boolalpha@?$_Iosb@H@std@@2W4_Fmtflags@12@B 1000875c     MainWindowDlg.obj
 0002:00000760       ?_Stdio@?$_Iosb@H@std@@2W4_Fmtflags@12@B 10008760     MainWindowDlg.obj
 0002:00000764       ?adjustfield@?$_Iosb@H@std@@2W4_Fmtflags@12@B 10008764     MainWindowDlg.obj
 0002:00000768       ?basefield@?$_Iosb@H@std@@2W4_Fmtflags@12@B 10008768     MainWindowDlg.obj
 0002:0000076c       ?floatfield@?$_Iosb@H@std@@2W4_Fmtflags@12@B 1000876c     MainWindowDlg.obj
 0002:00000770       ?goodbit@?$_Iosb@H@std@@2W4_Iostate@12@B 10008770     MainWindowDlg.obj
 0002:00000774       ?eofbit@?$_Iosb@H@std@@2W4_Iostate@12@B 10008774     MainWindowDlg.obj
 0002:00000778       ?failbit@?$_Iosb@H@std@@2W4_Iostate@12@B 10008778     MainWindowDlg.obj
 0002:0000077c       ?badbit@?$_Iosb@H@std@@2W4_Iostate@12@B 1000877c     MainWindowDlg.obj
 0002:00000780       ?_Hardfail@?$_Iosb@H@std@@2W4_Iostate@12@B 10008780     MainWindowDlg.obj
 0002:00000784       ?in@?$_Iosb@H@std@@2W4_Openmode@12@B 10008784     MainWindowDlg.obj
 0002:00000788       ?out@?$_Iosb@H@std@@2W4_Openmode@12@B 10008788     MainWindowDlg.obj
 0002:0000078c       ?ate@?$_Iosb@H@std@@2W4_Openmode@12@B 1000878c     MainWindowDlg.obj
 0002:00000790       ?app@?$_Iosb@H@std@@2W4_Openmode@12@B 10008790     MainWindowDlg.obj
 0002:00000794       ?trunc@?$_Iosb@H@std@@2W4_Openmode@12@B 10008794     MainWindowDlg.obj
 0002:00000798       ?_Nocreate@?$_Iosb@H@std@@2W4_Openmode@12@B 10008798     MainWindowDlg.obj
 0002:0000079c       ?_Noreplace@?$_Iosb@H@std@@2W4_Openmode@12@B 1000879c     MainWindowDlg.obj
 0002:000007a0       ?binary@?$_Iosb@H@std@@2W4_Openmode@12@B 100087a0     MainWindowDlg.obj
 0002:000007a4       ?beg@?$_Iosb@H@std@@2W4_Seekdir@12@B 100087a4     MainWindowDlg.obj
 0002:000007a8       ?cur@?$_Iosb@H@std@@2W4_Seekdir@12@B 100087a8     MainWindowDlg.obj
 0002:000007ac       ?end@?$_Iosb@H@std@@2W4_Seekdir@12@B 100087ac     MainWindowDlg.obj
 0002:000007b4       ??_7CEdit@@6B@             100087b4     MainWindowDlg.obj
 0002:000008f8       ??_C@_00CNPNBAHC@?$AA@     100088f8     MainWindowDlg.obj
 0002:000008fc       ??_C@_04EKILJLAN@G6QI?$AA@ 100088fc     MainWindowDlg.obj
 0002:00000904       ??_C@_04LEFHBJJC@G6GU?$AA@ 10008904     MainWindowDlg.obj
 0002:0000090c       ??_C@_05MIMICKMG@G6GOU?$AA@ 1000890c     MainWindowDlg.obj
 0002:00000914       ??_C@_04FIDODEOD@G5QI?$AA@ 10008914     MainWindowDlg.obj
 0002:0000091c       ??_C@_04KGOCLGHM@G5GU?$AA@ 1000891c     MainWindowDlg.obj
 0002:00000924       ??_C@_05IPGIFABG@G5GOU?$AA@ 10008924     MainWindowDlg.obj
 0002:0000092c       ??_C@_04OAICFDIG@G4QI?$AA@ 1000892c     MainWindowDlg.obj
 0002:00000934       ??_C@_04BOFONBBJ@G4GU?$AA@ 10008934     MainWindowDlg.obj
 0002:0000093c       ??_C@_05LCAIHJKG@G4GOU?$AA@ 1000893c     MainWindowDlg.obj
 0002:00000944       ??_C@_04HNFFGLDP@G3QI?$AA@ 10008944     MainWindowDlg.obj
 0002:0000094c       ??_C@_04IDIJOJKA@G3GU?$AA@ 1000894c     MainWindowDlg.obj
 0002:00000954       ??_C@_05CIKFLG@G3GOU?$AA@  10008954     MainWindowDlg.obj
 0002:0000095c       ??_C@_04MFOJAMFK@G2QI?$AA@ 1000895c     MainWindowDlg.obj
 0002:00000964       ??_C@_04DLDFIOMF@G2GU?$AA@ 10008964     MainWindowDlg.obj
 0002:0000096c       ??_C@_05DNEIIMAG@G2GOU?$AA@ 1000896c     MainWindowDlg.obj
 0002:00000974       ??_C@_04NHFMKDLE@G1QI?$AA@ 10008974     MainWindowDlg.obj
 0002:0000097c       ??_C@_04CJIACBCL@G1GU?$AA@ 1000897c     MainWindowDlg.obj
 0002:00000984       ??_C@_05HKOIPGNG@G1GOU?$AA@ 10008984     MainWindowDlg.obj
 0002:0000098c       ??_C@_05FIKIAPL@SELF3?$AA@ 1000898c     MainWindowDlg.obj
 0002:00000994       ??_C@_05BMJBLBLK@SELF2?$AA@ 10008994     MainWindowDlg.obj
 0002:0000099c       ??_C@_05DHLMOCHJ@SELF1?$AA@ 1000899c     MainWindowDlg.obj
 0002:000009a4       ??_C@_06LGMKDHNC@SQCU01?$AA@ 100089a4     MainWindowDlg.obj
 0002:000009ac       __real@475c0000            100089ac     MainWindowDlg.obj
 0002:000009b4       ??_7CMainWindowDlg@@6B@    100089b4     MainWindowDlg.obj
 0002:00000b20       ??_C@_0DG@PPHPJJIL@?$LG?$OA?M?$LH?5?5?5?$CF?44f?5?6?$LP?U?M?$LH?5?9?5?$CF?44f?6?9?9?9?9?9?9?9@ 10008b20     MainWindowDlg.obj
 0002:00000b58       __real@408f400000000000    10008b58     MainWindowDlg.obj
 0002:00000b60       ??_C@_0DP@CCHPFGHH@?W?$KC?$LC?a?F?$LH?V?V?3?5?$CFs?5?$HM?I?j?B?r?$LM?$NL?5?$CF?44f?5?$HM?B?r?A?$LP?5@ 10008b60     MainWindowDlg.obj
 0002:00000ba0       ??_C@_02BINAAFHN@?$LJ?A?$AA@ 10008ba0     MainWindowDlg.obj
 0002:00000ba4       ??_C@_02NEBLKFEA@?$LJ?$LK?$AA@ 10008ba4     MainWindowDlg.obj
 0002:00000ba8       ??_C@_02DKCKIIND@?$CFs?$AA@ 10008ba8     MainWindowDlg.obj
 0002:00000bac       ??_C@_0L@EKEKCFBE@?W?$KC?$LC?a?J?$KH?$LA?$NM?$KD?$KB?$AA@ 10008bac     MainWindowDlg.obj
 0002:00000bb8       ??_C@_0L@INGPMEP@?W?$KC?$LC?a?$LD?I?$LJ?$KG?$KD?$KB?$AA@ 10008bb8     MainWindowDlg.obj
 0002:00000bc8       __real@0000000000000000    10008bc8     MainWindowDlg.obj
 0002:00000e60       ??_C@_02PCIJFNDE@?$AN?6?$AA@ 10008e60     MainWindowDlg.obj
 0002:00000e64       ??_C@_01CLKCMJKC@?5?$AA@   10008e64     MainWindowDlg.obj
 0002:00000e68       ??_C@_0BC@CCPCBAML@?$CFY?4?$CFm?4?$CFd?5?$CFH?3?$CFM?3?$CFS?$AA@ 10008e68     MainWindowDlg.obj
 0002:00000e7c       ??_C@_02DPKJAMEF@?$CFd?$AA@ 10008e7c     StdAfx.obj
 0002:00000e80       ??_C@_02NJPGOMH@?$CFf?$AA@ 10008e80     StdAfx.obj
 0002:00000e84       ??_C@_07KJLOKDKB@TypeLib?$AA@ 10008e84     mfcs90:nolib.obj
 0002:00000e8c       ??_C@_08KEKAJNJI@Software?$AA@ 10008e8c     mfcs90:nolib.obj
 0002:00000e98       ??_C@_06FDHFNJBJ@SYSTEM?$AA@ 10008e98     mfcs90:nolib.obj
 0002:00000ea0       ??_C@_08LOPHEHKG@SECURITY?$AA@ 10008ea0     mfcs90:nolib.obj
 0002:00000eac       ??_C@_03DDIMFGBA@SAM?$AA@  10008eac     mfcs90:nolib.obj
 0002:00000eb0       ??_C@_04IHBFOLAC@Mime?$AA@ 10008eb0     mfcs90:nolib.obj
 0002:00000eb8       ??_C@_08PPIOJEA@Hardware?$AA@ 10008eb8     mfcs90:nolib.obj
 0002:00000ec4       ??_C@_09JKPGEJCH@Interface?$AA@ 10008ec4     mfcs90:nolib.obj
 0002:00000ed0       ??_C@_08PICKODJL@FileType?$AA@ 10008ed0     mfcs90:nolib.obj
 0002:00000edc       ??_C@_0BF@HDDNNDFH@Component?5Categories?$AA@ 10008edc     mfcs90:nolib.obj
 0002:00000ef4       ??_C@_05GIBEAPNE@CLSID?$AA@ 10008ef4     mfcs90:nolib.obj
 0002:00000efc       ??_C@_05PDIKPLII@AppID?$AA@ 10008efc     mfcs90:nolib.obj
 0002:00000f04       ??_C@_06JBKGCNBB@Delete?$AA@ 10008f04     mfcs90:nolib.obj
 0002:00000f0c       ??_C@_08KAAPDIAN@NoRemove?$AA@ 10008f0c     mfcs90:nolib.obj
 0002:00000f18       ??_C@_0M@DBGDLGLL@ForceRemove?$AA@ 10008f18     mfcs90:nolib.obj
 0002:00000f24       ??_C@_03LAIAPFCB@Val?$AA@  10008f24     mfcs90:nolib.obj
 0002:00000f28       ??_C@_01HMGJMAIH@B?$AA@    10008f28     mfcs90:nolib.obj
 0002:00000f2c       ??_C@_01CKDDGHAB@D?$AA@    10008f2c     mfcs90:nolib.obj
 0002:00000f30       ??_C@_01PLPBNMEI@M?$AA@    10008f30     mfcs90:nolib.obj
 0002:00000f34       ??_C@_01CPLAODJH@S?$AA@    10008f34     mfcs90:nolib.obj
 0002:00000f38       _LIBID_ATLLib              10008f38     mfcs90:nolib.obj
 0002:00000f48       _CLSID_Registrar           10008f48     mfcs90:nolib.obj
 0002:00000f58       _IID_IRegistrar            10008f58     mfcs90:nolib.obj
 0002:00000f68       _IID_IAxWinHostWindow      10008f68     mfcs90:nolib.obj
 0002:00000f78       _IID_IAxWinAmbientDispatch 10008f78     mfcs90:nolib.obj
 0002:00000f88       _IID_IInternalConnection   10008f88     mfcs90:nolib.obj
 0002:00000f98       _IID_IDocHostUIHandlerDispatch 10008f98     mfcs90:nolib.obj
 0002:00000fa8       _IID_IAxWinHostWindowLic   10008fa8     mfcs90:nolib.obj
 0002:00000fb8       _IID_IAxWinAmbientDispatchEx 10008fb8     mfcs90:nolib.obj
 0002:00000fe8       ?MAX_VALUE@CRegParser@ATL@@1HB 10008fe8     mfcs90:nolib.obj
 0002:00000fec       ?MAX_TYPE@CRegParser@ATL@@1HB 10008fec     mfcs90:nolib.obj
 0002:00000ff0       ?rgszNeverDelete@CRegParser@ATL@@1QBQBDB 10008ff0     mfcs90:nolib.obj
 0002:00001020       ?cbNeverDelete@CRegParser@ATL@@1HB 10009020     mfcs90:nolib.obj
[...]
 0003:000006d8       ___onexitbegin             1000b6d8     <common>

 entry point at        0001:00005dd2

 Static symbols

 0001:000055a4       __catch$_InternalDllMain@12$2 100065a4 f   mfcs90:dllmodul.obj
 0001:000058fc       ?ArrayUnwindFilter@@YAHPAU_EXCEPTION_POINTERS@@@Z 100068fc f   msvcrt:ehvecdtr.obj
 0001:00005a47       _pre_c_init                10006a47 f   msvcrt:crtdll.obj
 0001:00005cbc       ___DllMainCRTStartup       10006cbc f   msvcrt:crtdll.obj
 0001:00006454       __ValidateImageBase        10007454 f   mfcs90:rawdllmainproxy.obj
 0001:0000647f       __FindPESection            1000747f f   mfcs90:rawdllmainproxy.obj
 0001:000064bd       __IsNonwritableInCurrentImage 100074bd f   mfcs90:rawdllmainproxy.obj
 0001:00006570       __unwindfunclet$?InitFinishedEx2@@YGXPAUHWND__@@PAUIMainFramework@@@Z$0 10007570 f   AddinDemo.obj
 0001:00006578       __unwindfunclet$?InitFinishedEx2@@YGXPAUHWND__@@PAUIMainFramework@@@Z$1 10007578 f   AddinDemo.obj
 0001:00006582       __ehhandler$?InitFinishedEx2@@YGXPAUHWND__@@PAUIMainFramework@@@Z 10007582 f   AddinDemo.obj
 0001:000065a0       __unwindfunclet$?ShowAddinWindow@@YGXH@Z$0 100075a0 f   AddinDemo.obj
 0001:000065a8       __unwindfunclet$?ShowAddinWindow@@YGXH@Z$1 100075a8 f   AddinDemo.obj
 0001:000065b2       __ehhandler$?ShowAddinWindow@@YGXH@Z 100075b2 f   AddinDemo.obj
 0001:000065d0       __unwindfunclet$?GetMainWindow@@YGPAUHWND__@@XZ$0 100075d0 f   AddinDemo.obj
 0001:000065d8       __ehhandler$?GetMainWindow@@YGPAUHWND__@@XZ 100075d8 f   AddinDemo.obj
 0001:00006600       __unwindfunclet$?AddinUninitialize@@YGXXZ$0 10007600 f   AddinDemo.obj
 0001:00006608       __ehhandler$?AddinUninitialize@@YGXXZ 10007608 f   AddinDemo.obj
 0001:00006630       __unwindfunclet$?Format@COleDateTime@ATL@@QBE?AV?$CStringT@DV?$StrTraitMFC_DLL@DV?$ChTraitsCRT@D@ATL@@@@@2@PBD@Z$1 10007630 f   MainWindowDlg.obj
 0001:00006639       __unwindfunclet$?Format@COleDateTime@ATL@@QBE?AV?$CStringT@DV?$StrTraitMFC_DLL@DV?$ChTraitsCRT@D@ATL@@@@@2@PBD@Z$2 10007639 f   MainWindowDlg.obj
 0001:00006642       __unwindfunclet$?Format@COleDateTime@ATL@@QBE?AV?$CStringT@DV?$StrTraitMFC_DLL@DV?$ChTraitsCRT@D@ATL@@@@@2@PBD@Z$3 10007642 f   MainWindowDlg.obj
 0001:0000664b       __ehhandler$?Format@COleDateTime@ATL@@QBE?AV?$CStringT@DV?$StrTraitMFC_DLL@DV?$ChTraitsCRT@D@ATL@@@@@2@PBD@Z 1000764b f   MainWindowDlg.obj
 0001:00006670       __unwindfunclet$??0CMainWindowDlg@@QAE@PAVCWnd@@@Z$0 10007670 f   MainWindowDlg.obj
 0001:00006678       __unwindfunclet$??0CMainWindowDlg@@QAE@PAVCWnd@@@Z$1 10007678 f   MainWindowDlg.obj
 0001:00006683       __unwindfunclet$??0CMainWindowDlg@@QAE@PAVCWnd@@@Z$2 10007683 f   MainWindowDlg.obj
 0001:00006692       __unwindfunclet$??0CMainWindowDlg@@QAE@PAVCWnd@@@Z$3 10007692 f   MainWindowDlg.obj
 0001:000066ac       __unwindfunclet$??0CMainWindowDlg@@QAE@PAVCWnd@@@Z$4 100076ac f   MainWindowDlg.obj
 0001:000066bb       __ehhandler$??0CMainWindowDlg@@QAE@PAVCWnd@@@Z 100076bb f   MainWindowDlg.obj
 0001:000066e0       __unwindfunclet$??1CMainWindowDlg@@UAE@XZ$0 100076e0 f   MainWindowDlg.obj
 0001:000066e8       __unwindfunclet$??1CMainWindowDlg@@UAE@XZ$1 100076e8 f   MainWindowDlg.obj
 0001:000066f3       __unwindfunclet$??1CMainWindowDlg@@UAE@XZ$2 100076f3 f   MainWindowDlg.obj
 0001:00006702       __ehhandler$??1CMainWindowDlg@@UAE@XZ 10007702 f   MainWindowDlg.obj
 0001:00006720       __unwindfunclet$?SetInfomation@CMainWindowDlg@@QAEXPAUREPORT_STRUCT@@HHH@Z$0 10007720 f   MainWindowDlg.obj
 0001:00006729       __ehhandler$?SetInfomation@CMainWindowDlg@@QAEXPAUREPORT_STRUCT@@HHH@Z 10007729 f   MainWindowDlg.obj
 0001:00006750       __unwindfunclet$?FindQiQuanVal@CMainWindowDlg@@QAEMPAD@Z$0 10007750 f   MainWindowDlg.obj
 0001:00006759       __ehhandler$?FindQiQuanVal@CMainWindowDlg@@QAEMPAD@Z 10007759 f   MainWindowDlg.obj
 0001:00006780       __unwindfunclet$?ReportInfoUpdate@CMainWindowDlg@@QAEXPAUREPORT_STRUCT@@@Z$0 10007780 f   MainWindowDlg.obj
 0001:00006789       __unwindfunclet$?ReportInfoUpdate@CMainWindowDlg@@QAEXPAUREPORT_STRUCT@@@Z$1 10007789 f   MainWindowDlg.obj
 0001:00006792       __unwindfunclet$?ReportInfoUpdate@CMainWindowDlg@@QAEXPAUREPORT_STRUCT@@@Z$2 10007792 f   MainWindowDlg.obj
 0001:0000679b       __unwindfunclet$?ReportInfoUpdate@CMainWindowDlg@@QAEXPAUREPORT_STRUCT@@@Z$3 1000779b f   MainWindowDlg.obj
 0001:000067a4       __ehhandler$?ReportInfoUpdate@CMainWindowDlg@@QAEXPAUREPORT_STRUCT@@@Z 100077a4 f   MainWindowDlg.obj
 0001:000067c0       __unwindfunclet$??HATL@@YA?AV?$CStringT@DV?$StrTraitMFC_DLL@DV?$ChTraitsCRT@D@ATL@@@@@0@ABV10@PBD@Z$0 100077c0 f   MainWindowDlg.obj
 0001:000067da       __ehhandler$??HATL@@YA?AV?$CStringT@DV?$StrTraitMFC_DLL@DV?$ChTraitsCRT@D@ATL@@@@@0@ABV10@PBD@Z 100077da f   MainWindowDlg.obj
 0001:00006800       __unwindfunclet$?HaveVal@CMainWindowDlg@@QAEHV?$CStringT@DV?$StrTraitMFC_DLL@DV?$ChTraitsCRT@D@ATL@@@@@ATL@@@Z$0 10007800 f   MainWindowDlg.obj
 0001:00006809       __ehhandler$?HaveVal@CMainWindowDlg@@QAEHV?$CStringT@DV?$StrTraitMFC_DLL@DV?$ChTraitsCRT@D@ATL@@@@@ATL@@@Z 10007809 f   MainWindowDlg.obj
 0001:00006830       __unwindfunclet$?ChangeNotify@CMainWindowDlg@@QAEHV?$CStringT@DV?$StrTraitMFC_DLL@DV?$ChTraitsCRT@D@ATL@@@@@ATL@@0G@Z$0 10007830 f   MainWindowDlg.obj
 0001:00006839       __unwindfunclet$?ChangeNotify@CMainWindowDlg@@QAEHV?$CStringT@DV?$StrTraitMFC_DLL@DV?$ChTraitsCRT@D@ATL@@@@@ATL@@0G@Z$1 10007839 f   MainWindowDlg.obj
 0001:00006842       __ehhandler$?ChangeNotify@CMainWindowDlg@@QAEHV?$CStringT@DV?$StrTraitMFC_DLL@DV?$ChTraitsCRT@D@ATL@@@@@ATL@@0G@Z 10007842 f   MainWindowDlg.obj
 0001:00006860       __unwindfunclet$?OnEnKillfocusEditSelf1@CMainWindowDlg@@QAEXXZ$0 10007860 f   MainWindowDlg.obj
 0001:00006869       __unwindfunclet$?OnEnKillfocusEditSelf1@CMainWindowDlg@@QAEXXZ$1 10007869 f   MainWindowDlg.obj
 0001:00006872       __unwindfunclet$?OnEnKillfocusEditSelf1@CMainWindowDlg@@QAEXXZ$2 10007872 f   MainWindowDlg.obj
 0001:0000687b       __unwindfunclet$?OnEnKillfocusEditSelf1@CMainWindowDlg@@QAEXXZ$3 1000787b f   MainWindowDlg.obj
 0001:00006884       __ehhandler$?OnEnKillfocusEditSelf1@CMainWindowDlg@@QAEXXZ 10007884 f   MainWindowDlg.obj
 0001:000068a0       __unwindfunclet$?OnEnKillfocusEditSelf2@CMainWindowDlg@@QAEXXZ$0 100078a0 f   MainWindowDlg.obj
 0001:000068a9       __unwindfunclet$?OnEnKillfocusEditSelf2@CMainWindowDlg@@QAEXXZ$1 100078a9 f   MainWindowDlg.obj
 0001:000068b2       __unwindfunclet$?OnEnKillfocusEditSelf2@CMainWindowDlg@@QAEXXZ$2 100078b2 f   MainWindowDlg.obj
 0001:000068bb       __unwindfunclet$?OnEnKillfocusEditSelf2@CMainWindowDlg@@QAEXXZ$3 100078bb f   MainWindowDlg.obj
 0001:000068c4       __ehhandler$?OnEnKillfocusEditSelf2@CMainWindowDlg@@QAEXXZ 100078c4 f   MainWindowDlg.obj
 0001:000068e0       __unwindfunclet$?OnEnKillfocusEditSelf3@CMainWindowDlg@@QAEXXZ$0 100078e0 f   MainWindowDlg.obj
 0001:000068e9       __unwindfunclet$?OnEnKillfocusEditSelf3@CMainWindowDlg@@QAEXXZ$1 100078e9 f   MainWindowDlg.obj
 0001:000068f2       __unwindfunclet$?OnEnKillfocusEditSelf3@CMainWindowDlg@@QAEXXZ$2 100078f2 f   MainWindowDlg.obj
 0001:000068fb       __unwindfunclet$?OnEnKillfocusEditSelf3@CMainWindowDlg@@QAEXXZ$3 100078fb f   MainWindowDlg.obj
 0001:00006904       __ehhandler$?OnEnKillfocusEditSelf3@CMainWindowDlg@@QAEXXZ 10007904 f   MainWindowDlg.obj
 0001:00006920       __unwindfunclet$?OnEnKillfocusEditG1Gou@CMainWindowDlg@@QAEXXZ$0 10007920 f   MainWindowDlg.obj
 0001:00006929       __unwindfunclet$?OnEnKillfocusEditG1Gou@CMainWindowDlg@@QAEXXZ$1 10007929 f   MainWindowDlg.obj
 0001:00006932       __unwindfunclet$?OnEnKillfocusEditG1Gou@CMainWindowDlg@@QAEXXZ$2 10007932 f   MainWindowDlg.obj
 0001:0000693b       __unwindfunclet$?OnEnKillfocusEditG1Gou@CMainWindowDlg@@QAEXXZ$3 1000793b f   MainWindowDlg.obj
 0001:00006944       __ehhandler$?OnEnKillfocusEditG1Gou@CMainWindowDlg@@QAEXXZ 10007944 f   MainWindowDlg.obj
 0001:00006960       __unwindfunclet$?OnEnKillfocusEditG1Gu@CMainWindowDlg@@QAEXXZ$0 10007960 f   MainWindowDlg.obj
 0001:00006969       __unwindfunclet$?OnEnKillfocusEditG1Gu@CMainWindowDlg@@QAEXXZ$1 10007969 f   MainWindowDlg.obj
 0001:00006972       __unwindfunclet$?OnEnKillfocusEditG1Gu@CMainWindowDlg@@QAEXXZ$2 10007972 f   MainWindowDlg.obj
 0001:0000697b       __unwindfunclet$?OnEnKillfocusEditG1Gu@CMainWindowDlg@@QAEXXZ$3 1000797b f   MainWindowDlg.obj
 0001:00006984       __ehhandler$?OnEnKillfocusEditG1Gu@CMainWindowDlg@@QAEXXZ 10007984 f   MainWindowDlg.obj
 0001:000069a0       __unwindfunclet$?OnEnKillfocusEditG1Qi@CMainWindowDlg@@QAEXXZ$0 100079a0 f   MainWindowDlg.obj
 0001:000069a9       __unwindfunclet$?OnEnKillfocusEditG1Qi@CMainWindowDlg@@QAEXXZ$1 100079a9 f   MainWindowDlg.obj
 0001:000069b2       __unwindfunclet$?OnEnKillfocusEditG1Qi@CMainWindowDlg@@QAEXXZ$2 100079b2 f   MainWindowDlg.obj
 0001:000069bb       __unwindfunclet$?OnEnKillfocusEditG1Qi@CMainWindowDlg@@QAEXXZ$3 100079bb f   MainWindowDlg.obj
 0001:000069c4       __ehhandler$?OnEnKillfocusEditG1Qi@CMainWindowDlg@@QAEXXZ 100079c4 f   MainWindowDlg.obj
 0001:000069e0       __unwindfunclet$?OnEnKillfocusEditG2Gou@CMainWindowDlg@@QAEXXZ$0 100079e0 f   MainWindowDlg.obj
 0001:000069e9       __unwindfunclet$?OnEnKillfocusEditG2Gou@CMainWindowDlg@@QAEXXZ$1 100079e9 f   MainWindowDlg.obj
 0001:000069f2       __unwindfunclet$?OnEnKillfocusEditG2Gou@CMainWindowDlg@@QAEXXZ$2 100079f2 f   MainWindowDlg.obj
 0001:000069fb       __unwindfunclet$?OnEnKillfocusEditG2Gou@CMainWindowDlg@@QAEXXZ$3 100079fb f   MainWindowDlg.obj
 0001:00006a04       __ehhandler$?OnEnKillfocusEditG2Gou@CMainWindowDlg@@QAEXXZ 10007a04 f   MainWindowDlg.obj
 0001:00006a20       __unwindfunclet$?OnEnKillfocusEditG2Gu@CMainWindowDlg@@QAEXXZ$0 10007a20 f   MainWindowDlg.obj
 0001:00006a29       __unwindfunclet$?OnEnKillfocusEditG2Gu@CMainWindowDlg@@QAEXXZ$1 10007a29 f   MainWindowDlg.obj
 0001:00006a32       __unwindfunclet$?OnEnKillfocusEditG2Gu@CMainWindowDlg@@QAEXXZ$2 10007a32 f   MainWindowDlg.obj
 0001:00006a3b       __unwindfunclet$?OnEnKillfocusEditG2Gu@CMainWindowDlg@@QAEXXZ$3 10007a3b f   MainWindowDlg.obj
 0001:00006a44       __ehhandler$?OnEnKillfocusEditG2Gu@CMainWindowDlg@@QAEXXZ 10007a44 f   MainWindowDlg.obj
 0001:00006a60       __unwindfunclet$?OnEnKillfocusEditG2Qi@CMainWindowDlg@@QAEXXZ$0 10007a60 f   MainWindowDlg.obj
 0001:00006a69       __unwindfunclet$?OnEnKillfocusEditG2Qi@CMainWindowDlg@@QAEXXZ$1 10007a69 f   MainWindowDlg.obj
 0001:00006a72       __unwindfunclet$?OnEnKillfocusEditG2Qi@CMainWindowDlg@@QAEXXZ$2 10007a72 f   MainWindowDlg.obj
 0001:00006a7b       __unwindfunclet$?OnEnKillfocusEditG2Qi@CMainWindowDlg@@QAEXXZ$3 10007a7b f   MainWindowDlg.obj
 0001:00006a84       __ehhandler$?OnEnKillfocusEditG2Qi@CMainWindowDlg@@QAEXXZ 10007a84 f   MainWindowDlg.obj
 0001:00006aa0       __unwindfunclet$?OnEnKillfocusEditG3Gou@CMainWindowDlg@@QAEXXZ$0 10007aa0 f   MainWindowDlg.obj
 0001:00006aa9       __unwindfunclet$?OnEnKillfocusEditG3Gou@CMainWindowDlg@@QAEXXZ$1 10007aa9 f   MainWindowDlg.obj
 0001:00006ab2       __unwindfunclet$?OnEnKillfocusEditG3Gou@CMainWindowDlg@@QAEXXZ$2 10007ab2 f   MainWindowDlg.obj
 0001:00006abb       __unwindfunclet$?OnEnKillfocusEditG3Gou@CMainWindowDlg@@QAEXXZ$3 10007abb f   MainWindowDlg.obj
 0001:00006ac4       __ehhandler$?OnEnKillfocusEditG3Gou@CMainWindowDlg@@QAEXXZ 10007ac4 f   MainWindowDlg.obj
 0001:00006ae0       __unwindfunclet$?OnEnKillfocusEditG3Gu@CMainWindowDlg@@QAEXXZ$0 10007ae0 f   MainWindowDlg.obj
 0001:00006ae9       __unwindfunclet$?OnEnKillfocusEditG3Gu@CMainWindowDlg@@QAEXXZ$1 10007ae9 f   MainWindowDlg.obj
 0001:00006af2       __unwindfunclet$?OnEnKillfocusEditG3Gu@CMainWindowDlg@@QAEXXZ$2 10007af2 f   MainWindowDlg.obj
 0001:00006afb       __unwindfunclet$?OnEnKillfocusEditG3Gu@CMainWindowDlg@@QAEXXZ$3 10007afb f   MainWindowDlg.obj
 0001:00006b04       __ehhandler$?OnEnKillfocusEditG3Gu@CMainWindowDlg@@QAEXXZ 10007b04 f   MainWindowDlg.obj
 0001:00006b20       __unwindfunclet$?OnEnKillfocusEditG3Qi@CMainWindowDlg@@QAEXXZ$0 10007b20 f   MainWindowDlg.obj
 0001:00006b29       __unwindfunclet$?OnEnKillfocusEditG3Qi@CMainWindowDlg@@QAEXXZ$1 10007b29 f   MainWindowDlg.obj
 0001:00006b32       __unwindfunclet$?OnEnKillfocusEditG3Qi@CMainWindowDlg@@QAEXXZ$2 10007b32 f   MainWindowDlg.obj
 0001:00006b3b       __unwindfunclet$?OnEnKillfocusEditG3Qi@CMainWindowDlg@@QAEXXZ$3 10007b3b f   MainWindowDlg.obj
 0001:00006b44       __ehhandler$?OnEnKillfocusEditG3Qi@CMainWindowDlg@@QAEXXZ 10007b44 f   MainWindowDlg.obj
 0001:00006b60       __unwindfunclet$?OnEnKillfocusEditG4Gou@CMainWindowDlg@@QAEXXZ$0 10007b60 f   MainWindowDlg.obj
 0001:00006b69       __unwindfunclet$?OnEnKillfocusEditG4Gou@CMainWindowDlg@@QAEXXZ$1 10007b69 f   MainWindowDlg.obj
 0001:00006b72       __unwindfunclet$?OnEnKillfocusEditG4Gou@CMainWindowDlg@@QAEXXZ$2 10007b72 f   MainWindowDlg.obj
 0001:00006b7b       __unwindfunclet$?OnEnKillfocusEditG4Gou@CMainWindowDlg@@QAEXXZ$3 10007b7b f   MainWindowDlg.obj
 0001:00006b84       __ehhandler$?OnEnKillfocusEditG4Gou@CMainWindowDlg@@QAEXXZ 10007b84 f   MainWindowDlg.obj
 0001:00006ba0       __unwindfunclet$?OnEnKillfocusEditG4Gu@CMainWindowDlg@@QAEXXZ$0 10007ba0 f   MainWindowDlg.obj
 0001:00006ba9       __unwindfunclet$?OnEnKillfocusEditG4Gu@CMainWindowDlg@@QAEXXZ$1 10007ba9 f   MainWindowDlg.obj
 0001:00006bb2       __unwindfunclet$?OnEnKillfocusEditG4Gu@CMainWindowDlg@@QAEXXZ$2 10007bb2 f   MainWindowDlg.obj
 0001:00006bbb       __unwindfunclet$?OnEnKillfocusEditG4Gu@CMainWindowDlg@@QAEXXZ$3 10007bbb f   MainWindowDlg.obj
 0001:00006bc4       __ehhandler$?OnEnKillfocusEditG4Gu@CMainWindowDlg@@QAEXXZ 10007bc4 f   MainWindowDlg.obj
 0001:00006be0       __unwindfunclet$?OnEnKillfocusEditG4Qi@CMainWindowDlg@@QAEXXZ$0 10007be0 f   MainWindowDlg.obj
 0001:00006be9       __unwindfunclet$?OnEnKillfocusEditG4Qi@CMainWindowDlg@@QAEXXZ$1 10007be9 f   MainWindowDlg.obj
 0001:00006bf2       __unwindfunclet$?OnEnKillfocusEditG4Qi@CMainWindowDlg@@QAEXXZ$2 10007bf2 f   MainWindowDlg.obj
 0001:00006bfb       __unwindfunclet$?OnEnKillfocusEditG4Qi@CMainWindowDlg@@QAEXXZ$3 10007bfb f   MainWindowDlg.obj
 0001:00006c04       __ehhandler$?OnEnKillfocusEditG4Qi@CMainWindowDlg@@QAEXXZ 10007c04 f   MainWindowDlg.obj
 0001:00006c20       __unwindfunclet$?OnEnKillfocusEditG5Gou@CMainWindowDlg@@QAEXXZ$0 10007c20 f   MainWindowDlg.obj
 0001:00006c29       __unwindfunclet$?OnEnKillfocusEditG5Gou@CMainWindowDlg@@QAEXXZ$1 10007c29 f   MainWindowDlg.obj
 0001:00006c32       __unwindfunclet$?OnEnKillfocusEditG5Gou@CMainWindowDlg@@QAEXXZ$2 10007c32 f   MainWindowDlg.obj
 0001:00006c3b       __unwindfunclet$?OnEnKillfocusEditG5Gou@CMainWindowDlg@@QAEXXZ$3 10007c3b f   MainWindowDlg.obj
 0001:00006c44       __ehhandler$?OnEnKillfocusEditG5Gou@CMainWindowDlg@@QAEXXZ 10007c44 f   MainWindowDlg.obj
 0001:00006c60       __unwindfunclet$?OnEnKillfocusEditG5Gu@CMainWindowDlg@@QAEXXZ$0 10007c60 f   MainWindowDlg.obj
 0001:00006c69       __unwindfunclet$?OnEnKillfocusEditG5Gu@CMainWindowDlg@@QAEXXZ$1 10007c69 f   MainWindowDlg.obj
 0001:00006c72       __unwindfunclet$?OnEnKillfocusEditG5Gu@CMainWindowDlg@@QAEXXZ$2 10007c72 f   MainWindowDlg.obj
 0001:00006c7b       __unwindfunclet$?OnEnKillfocusEditG5Gu@CMainWindowDlg@@QAEXXZ$3 10007c7b f   MainWindowDlg.obj
 0001:00006c84       __ehhandler$?OnEnKillfocusEditG5Gu@CMainWindowDlg@@QAEXXZ 10007c84 f   MainWindowDlg.obj
 0001:00006ca0       __unwindfunclet$?OnEnKillfocusEditG5Qi@CMainWindowDlg@@QAEXXZ$0 10007ca0 f   MainWindowDlg.obj
 0001:00006ca9       __unwindfunclet$?OnEnKillfocusEditG5Qi@CMainWindowDlg@@QAEXXZ$1 10007ca9 f   MainWindowDlg.obj
 0001:00006cb2       __unwindfunclet$?OnEnKillfocusEditG5Qi@CMainWindowDlg@@QAEXXZ$2 10007cb2 f   MainWindowDlg.obj
 0001:00006cbb       __unwindfunclet$?OnEnKillfocusEditG5Qi@CMainWindowDlg@@QAEXXZ$3 10007cbb f   MainWindowDlg.obj
 0001:00006cc4       __ehhandler$?OnEnKillfocusEditG5Qi@CMainWindowDlg@@QAEXXZ 10007cc4 f   MainWindowDlg.obj
 0001:00006ce0       __unwindfunclet$?OnEnKillfocusEditG6Gou@CMainWindowDlg@@QAEXXZ$0 10007ce0 f   MainWindowDlg.obj
 0001:00006ce9       __unwindfunclet$?OnEnKillfocusEditG6Gou@CMainWindowDlg@@QAEXXZ$1 10007ce9 f   MainWindowDlg.obj
 0001:00006cf2       __unwindfunclet$?OnEnKillfocusEditG6Gou@CMainWindowDlg@@QAEXXZ$2 10007cf2 f   MainWindowDlg.obj
 0001:00006cfb       __unwindfunclet$?OnEnKillfocusEditG6Gou@CMainWindowDlg@@QAEXXZ$3 10007cfb f   MainWindowDlg.obj
 0001:00006d04       __ehhandler$?OnEnKillfocusEditG6Gou@CMainWindowDlg@@QAEXXZ 10007d04 f   MainWindowDlg.obj
 0001:00006d20       __unwindfunclet$?OnEnKillfocusEditG6Gu@CMainWindowDlg@@QAEXXZ$0 10007d20 f   MainWindowDlg.obj
 0001:00006d29       __unwindfunclet$?OnEnKillfocusEditG6Gu@CMainWindowDlg@@QAEXXZ$1 10007d29 f   MainWindowDlg.obj
 0001:00006d32       __unwindfunclet$?OnEnKillfocusEditG6Gu@CMainWindowDlg@@QAEXXZ$2 10007d32 f   MainWindowDlg.obj
 0001:00006d3b       __unwindfunclet$?OnEnKillfocusEditG6Gu@CMainWindowDlg@@QAEXXZ$3 10007d3b f   MainWindowDlg.obj
 0001:00006d44       __ehhandler$?OnEnKillfocusEditG6Gu@CMainWindowDlg@@QAEXXZ 10007d44 f   MainWindowDlg.obj
 0001:00006d60       __unwindfunclet$?OnEnKillfocusEditG6Qi@CMainWindowDlg@@QAEXXZ$0 10007d60 f   MainWindowDlg.obj
 0001:00006d69       __unwindfunclet$?OnEnKillfocusEditG6Qi@CMainWindowDlg@@QAEXXZ$1 10007d69 f   MainWindowDlg.obj
 0001:00006d72       __unwindfunclet$?OnEnKillfocusEditG6Qi@CMainWindowDlg@@QAEXXZ$2 10007d72 f   MainWindowDlg.obj
 0001:00006d7b       __unwindfunclet$?OnEnKillfocusEditG6Qi@CMainWindowDlg@@QAEXXZ$3 10007d7b f   MainWindowDlg.obj
 0001:00006d84       __ehhandler$?OnEnKillfocusEditG6Qi@CMainWindowDlg@@QAEXXZ 10007d84 f   MainWindowDlg.obj
 0001:00006da0       __unwindfunclet$?OnTimer@CMainWindowDlg@@IAEXI@Z$0 10007da0 f   MainWindowDlg.obj
 0001:00006da9       __ehhandler$?OnTimer@CMainWindowDlg@@IAEXI@Z 10007da9 f   MainWindowDlg.obj
 0001:00006dd0       __unwindfunclet$?WriteLog@CMainWindowDlg@@QAEXV?$CStringT@DV?$StrTraitMFC_DLL@DV?$ChTraitsCRT@D@ATL@@@@@ATL@@@Z$0 10007dd0 f   MainWindowDlg.obj
 0001:00006dd9       __unwindfunclet$?WriteLog@CMainWindowDlg@@QAEXV?$CStringT@DV?$StrTraitMFC_DLL@DV?$ChTraitsCRT@D@ATL@@@@@ATL@@@Z$1 10007dd9 f   MainWindowDlg.obj
 0001:00006de2       __unwindfunclet$?WriteLog@CMainWindowDlg@@QAEXV?$CStringT@DV?$StrTraitMFC_DLL@DV?$ChTraitsCRT@D@ATL@@@@@ATL@@@Z$2 10007de2 f   MainWindowDlg.obj
 0001:00006deb       __ehhandler$?WriteLog@CMainWindowDlg@@QAEXV?$CStringT@DV?$StrTraitMFC_DLL@DV?$ChTraitsCRT@D@ATL@@@@@ATL@@@Z 10007deb f   MainWindowDlg.obj
 0001:00006e10       __unwindfunclet$?WritePrivateProfileInt@@YAHPBD0H0@Z$0 10007e10 f   StdAfx.obj
 0001:00006e19       __ehhandler$?WritePrivateProfileInt@@YAHPBD0H0@Z 10007e19 f   StdAfx.obj
 0001:00006e40       __unwindfunclet$?GetPrivateProfileFloat@@YAMPBD0M0@Z$0 10007e40 f   StdAfx.obj
 0001:00006e49       __ehhandler$?GetPrivateProfileFloat@@YAMPBD0M0@Z 10007e49 f   StdAfx.obj
 0001:00006e70       __unwindfunclet$?WritePrivateProfileFloat@@YAXPBD0M0@Z$0 10007e70 f   StdAfx.obj
 0001:00006e79       __ehhandler$?WritePrivateProfileFloat@@YAXPBD0M0@Z 10007e79 f   StdAfx.obj
 0001:00006e94       __unwindfunclet$?AfxWndProcDllStatic@@YGJPAUHWND__@@IIJ@Z$0 10007e94 f   mfcs90:dllmodul.obj
 0001:00006e9c       __ehhandler$?AfxWndProcDllStatic@@YGJPAUHWND__@@IIJ@Z 10007e9c f   mfcs90:dllmodul.obj
 0001:00006eb7       __unwindfunclet$_InternalDllMain@12$5 10007eb7 f   mfcs90:dllmodul.obj
 0001:00006ec0       __unwindfunclet$_InternalDllMain@12$6 10007ec0 f   mfcs90:dllmodul.obj
 0001:00006ec8       __ehhandler$_InternalDllMain@12 10007ec8 f   mfcs90:dllmodul.obj
 0001:00006ef0       ??__EtheApp@@YAXXZ         10007ef0 f   AddinDemo.obj
 0001:00006f06       ??__EafxModuleState@@YAXXZ 10007f06 f   mfcs90:dllmodul.obj
 0001:00006f20       ??__FtheApp@@YAXXZ         10007f20 f   AddinDemo.obj
 0001:00006f2a       ??__FafxModuleState@@YAXXZ 10007f2a f   mfcs90:dllmodul.obj
